Component: ARM Compiler 5.06 update 6 (build 750) Tool: armlink [4d35ed]

==============================================================================

Section Cross References

    startup_stm32f103xb.o(RESET) refers to startup_stm32f103xb.o(STACK) for __initial_sp
    startup_stm32f103xb.o(RESET) refers to startup_stm32f103xb.o(.text) for Reset_Handler
    startup_stm32f103xb.o(RESET) refers to stm32f1xx_it.o(i.NMI_Handler) for NMI_Handler
    startup_stm32f103xb.o(RESET) refers to stm32f1xx_it.o(i.HardFault_Handler) for HardFault_Handler
    startup_stm32f103xb.o(RESET) refers to stm32f1xx_it.o(i.MemManage_Handler) for MemManage_Handler
    startup_stm32f103xb.o(RESET) refers to stm32f1xx_it.o(i.BusFault_Handler) for BusFault_Handler
    startup_stm32f103xb.o(RESET) refers to stm32f1xx_it.o(i.UsageFault_Handler) for UsageFault_Handler
    startup_stm32f103xb.o(RESET) refers to stm32f1xx_it.o(i.SVC_Handler) for SVC_Handler
    startup_stm32f103xb.o(RESET) refers to stm32f1xx_it.o(i.DebugMon_Handler) for DebugMon_Handler
    startup_stm32f103xb.o(RESET) refers to stm32f1xx_it.o(i.PendSV_Handler) for PendSV_Handler
    startup_stm32f103xb.o(RESET) refers to stm32f1xx_it.o(i.SysTick_Handler) for SysTick_Handler
    startup_stm32f103xb.o(RESET) refers to stm32f1xx_it.o(i.TIM4_IRQHandler) for TIM4_IRQHandler
    startup_stm32f103xb.o(RESET) refers to stm32f1xx_it.o(i.SPI1_IRQHandler) for SPI1_IRQHandler
    startup_stm32f103xb.o(RESET) refers to stm32f1xx_it.o(i.SPI2_IRQHandler) for SPI2_IRQHandler
    startup_stm32f103xb.o(RESET) refers to stm32f1xx_it.o(i.USART1_IRQHandler) for USART1_IRQHandler
    startup_stm32f103xb.o(RESET) refers to stm32f1xx_it.o(i.USART3_IRQHandler) for USART3_IRQHandler
    startup_stm32f103xb.o(.text) refers to system_stm32f1xx.o(i.SystemInit) for SystemInit
    startup_stm32f103xb.o(.text) refers to entry.o(.ARM.Collect$$$$00000000) for __main
    ade7753.o(i.gainSetup) refers to ade7753.o(i.write8_1) for write8_1
    ade7753.o(i.gainSetup) refers to ade7753.o(i.write8_2) for write8_2
    ade7753.o(i.getFrecuency_1) refers to ade7753.o(i.getPeriod_1) for getPeriod_1
    ade7753.o(i.getFrecuency_1) refers to ffltui.o(.text) for __aeabi_ui2f
    ade7753.o(i.getFrecuency_2) refers to ade7753.o(i.getPeriod_1) for getPeriod_1
    ade7753.o(i.getFrecuency_2) refers to ffltui.o(.text) for __aeabi_ui2f
    ade7753.o(i.getIPeakLevel) refers to ade7753.o(i.read8_1) for read8_1
    ade7753.o(i.getIRMSOS_1) refers to ade7753.o(i.read16_1) for read16_1
    ade7753.o(i.getIRMSOS_2) refers to ade7753.o(i.read16_2) for read16_2
    ade7753.o(i.getIRMS_1) refers to ade7753.o(i.read16_1) for read16_1
    ade7753.o(i.getIRMS_1) refers to ade7753.o(i.read24_1) for read24_1
    ade7753.o(i.getIRMS_2) refers to ade7753.o(i.read16_1) for read16_1
    ade7753.o(i.getIRMS_2) refers to ade7753.o(i.read24_2) for read24_2
    ade7753.o(i.getInterrupts_1) refers to ade7753.o(i.read16_1) for read16_1
    ade7753.o(i.getInterrupts_2) refers to ade7753.o(i.read16_2) for read16_2
    ade7753.o(i.getIpeakReset) refers to ade7753.o(i.read24_1) for read24_1
    ade7753.o(i.getMode_1) refers to ade7753.o(i.read16_1) for read16_1
    ade7753.o(i.getMode_2) refers to ade7753.o(i.read16_2) for read16_2
    ade7753.o(i.getP1) refers to ade7753.o(i.read16_1) for read16_1
    ade7753.o(i.getP1) refers to ade7753.o(i.setPotLine) for setPotLine
    ade7753.o(i.getP1) refers to ade7753.o(i.read24_1) for read24_1
    ade7753.o(i.getP2) refers to ade7753.o(i.read16_1) for read16_1
    ade7753.o(i.getP2) refers to ade7753.o(i.setPotLine) for setPotLine
    ade7753.o(i.getP2) refers to ade7753.o(i.read24_1) for read24_1
    ade7753.o(i.getPeriod_1) refers to ade7753.o(i.read16_1) for read16_1
    ade7753.o(i.getPeriod_1) refers to ade7753.o(i.getStatus_1) for getStatus_1
    ade7753.o(i.getPeriod_1) refers to stm32f1xx_hal.o(i.HAL_Delay) for HAL_Delay
    ade7753.o(i.getPeriod_2) refers to ade7753.o(i.read16_1) for read16_1
    ade7753.o(i.getPeriod_2) refers to ade7753.o(i.getStatus_2) for getStatus_2
    ade7753.o(i.getPeriod_2) refers to stm32f1xx_hal.o(i.HAL_Delay) for HAL_Delay
    ade7753.o(i.getPeriod_2) refers to ade7753.o(i.read16_2) for read16_2
    ade7753.o(i.getQ1) refers to ade7753.o(i.read16_1) for read16_1
    ade7753.o(i.getQ1) refers to ade7753.o(i.setPotLine) for setPotLine
    ade7753.o(i.getQ1) refers to ade7753.o(i.read24_1) for read24_1
    ade7753.o(i.getQ2) refers to ade7753.o(i.read16_1) for read16_1
    ade7753.o(i.getQ2) refers to ade7753.o(i.setPotLine) for setPotLine
    ade7753.o(i.getQ2) refers to ade7753.o(i.read24_1) for read24_1
    ade7753.o(i.getS1) refers to ade7753.o(i.read16_1) for read16_1
    ade7753.o(i.getS1) refers to ade7753.o(i.setPotLine) for setPotLine
    ade7753.o(i.getS1) refers to ade7753.o(i.read24_1) for read24_1
    ade7753.o(i.getS2) refers to ade7753.o(i.read16_1) for read16_1
    ade7753.o(i.getS2) refers to ade7753.o(i.setPotLine) for setPotLine
[...]
    Removing stm32f1xx_hal_dma.o(i.HAL_DMA_Start_IT), (112 bytes).
    Removing stm32f1xx_hal_dma.o(i.HAL_DMA_UnRegisterCallback), (82 bytes).
    Removing stm32f1xx_hal_cortex.o(.rev16_text), (4 bytes).
    Removing stm32f1xx_hal_cortex.o(.revsh_text), (4 bytes).
    Removing stm32f1xx_hal_cortex.o(.rrx_text), (6 bytes).
    Removing stm32f1xx_hal_cortex.o(i.HAL_NVIC_ClearPendingIRQ), (22 bytes).
    Removing stm32f1xx_hal_cortex.o(i.HAL_NVIC_DisableIRQ), (22 bytes).
    Removing stm32f1xx_hal_cortex.o(i.HAL_NVIC_GetActive), (32 bytes).
    Removing stm32f1xx_hal_cortex.o(i.HAL_NVIC_GetPendingIRQ), (32 bytes).
    Removing stm32f1xx_hal_cortex.o(i.HAL_NVIC_GetPriority), (82 bytes).
    Removing stm32f1xx_hal_cortex.o(i.HAL_NVIC_GetPriorityGrouping), (16 bytes).
    Removing stm32f1xx_hal_cortex.o(i.HAL_NVIC_SetPendingIRQ), (22 bytes).
    Removing stm32f1xx_hal_cortex.o(i.HAL_NVIC_SystemReset), (36 bytes).
    Removing stm32f1xx_hal_pwr.o(.rev16_text), (4 bytes).
    Removing stm32f1xx_hal_pwr.o(.revsh_text), (4 bytes).
    Removing stm32f1xx_hal_pwr.o(.rrx_text), (6 bytes).
    Removing stm32f1xx_hal_pwr.o(i.HAL_PWR_ConfigPVD), (124 bytes).
    Removing stm32f1xx_hal_pwr.o(i.HAL_PWR_DeInit), (24 bytes).
    Removing stm32f1xx_hal_pwr.o(i.HAL_PWR_DisableBkUpAccess), (12 bytes).
    Removing stm32f1xx_hal_pwr.o(i.HAL_PWR_DisablePVD), (12 bytes).
    Removing stm32f1xx_hal_pwr.o(i.HAL_PWR_DisableSEVOnPend), (16 bytes).
    Removing stm32f1xx_hal_pwr.o(i.HAL_PWR_DisableSleepOnExit), (16 bytes).
    Removing stm32f1xx_hal_pwr.o(i.HAL_PWR_DisableWakeUpPin), (28 bytes).
    Removing stm32f1xx_hal_pwr.o(i.HAL_PWR_EnableBkUpAccess), (12 bytes).
    Removing stm32f1xx_hal_pwr.o(i.HAL_PWR_EnablePVD), (12 bytes).
    Removing stm32f1xx_hal_pwr.o(i.HAL_PWR_EnableSEVOnPend), (16 bytes).
    Removing stm32f1xx_hal_pwr.o(i.HAL_PWR_EnableSleepOnExit), (16 bytes).
    Removing stm32f1xx_hal_pwr.o(i.HAL_PWR_EnableWakeUpPin), (28 bytes).
    Removing stm32f1xx_hal_pwr.o(i.HAL_PWR_EnterSLEEPMode), (32 bytes).
    Removing stm32f1xx_hal_pwr.o(i.HAL_PWR_EnterSTANDBYMode), (32 bytes).
    Removing stm32f1xx_hal_pwr.o(i.HAL_PWR_EnterSTOPMode), (68 bytes).
    Removing stm32f1xx_hal_pwr.o(i.HAL_PWR_PVDCallback), (2 bytes).
    Removing stm32f1xx_hal_pwr.o(i.HAL_PWR_PVD_IRQHandler), (28 bytes).
    Removing stm32f1xx_hal_pwr.o(i.PWR_OverloadWfe), (6 bytes).
    Removing stm32f1xx_hal_flash.o(.rev16_text), (4 bytes).
    Removing stm32f1xx_hal_flash.o(.revsh_text), (4 bytes).
    Removing stm32f1xx_hal_flash.o(.rrx_text), (6 bytes).
    Removing stm32f1xx_hal_flash.o(i.FLASH_Program_HalfWord), (28 bytes).
    Removing stm32f1xx_hal_flash.o(i.FLASH_SetErrorCode), (92 bytes).
    Removing stm32f1xx_hal_flash.o(i.FLASH_WaitForLastOperation), (84 bytes).
    Removing stm32f1xx_hal_flash.o(i.HAL_FLASH_EndOfOperationCallback), (2 bytes).
    Removing stm32f1xx_hal_flash.o(i.HAL_FLASH_GetError), (12 bytes).
    Removing stm32f1xx_hal_flash.o(i.HAL_FLASH_IRQHandler), (264 bytes).
    Removing stm32f1xx_hal_flash.o(i.HAL_FLASH_Lock), (20 bytes).
    Removing stm32f1xx_hal_flash.o(i.HAL_FLASH_OB_Launch), (4 bytes).
    Removing stm32f1xx_hal_flash.o(i.HAL_FLASH_OB_Lock), (20 bytes).
    Removing stm32f1xx_hal_flash.o(i.HAL_FLASH_OB_Unlock), (36 bytes).
    Removing stm32f1xx_hal_flash.o(i.HAL_FLASH_OperationErrorCallback), (2 bytes).
    Removing stm32f1xx_hal_flash.o(i.HAL_FLASH_Program), (128 bytes).
    Removing stm32f1xx_hal_flash.o(i.HAL_FLASH_Program_IT), (100 bytes).
    Removing stm32f1xx_hal_flash.o(i.HAL_FLASH_Unlock), (40 bytes).
    Removing stm32f1xx_hal_flash.o(.bss), (32 bytes).
    Removing stm32f1xx_hal_flash_ex.o(.rev16_text), (4 bytes).
    Removing stm32f1xx_hal_flash_ex.o(.revsh_text), (4 bytes).
    Removing stm32f1xx_hal_flash_ex.o(.rrx_text), (6 bytes).
    Removing stm32f1xx_hal_flash_ex.o(i.FLASH_MassErase), (36 bytes).
    Removing stm32f1xx_hal_flash_ex.o(i.FLASH_OB_DisableWRP), (176 bytes).
    Removing stm32f1xx_hal_flash_ex.o(i.FLASH_OB_EnableWRP), (176 bytes).
    Removing stm32f1xx_hal_flash_ex.o(i.FLASH_OB_GetRDP), (24 bytes).
    Removing stm32f1xx_hal_flash_ex.o(i.FLASH_OB_RDP_LevelConfig), (100 bytes).
    Removing stm32f1xx_hal_flash_ex.o(i.FLASH_PageErase), (36 bytes).
    Removing stm32f1xx_hal_flash_ex.o(i.HAL_FLASHEx_Erase), (168 bytes).
    Removing stm32f1xx_hal_flash_ex.o(i.HAL_FLASHEx_Erase_IT), (84 bytes).
    Removing stm32f1xx_hal_flash_ex.o(i.HAL_FLASHEx_OBErase), (84 bytes).
    Removing stm32f1xx_hal_flash_ex.o(i.HAL_FLASHEx_OBGetConfig), (36 bytes).
    Removing stm32f1xx_hal_flash_ex.o(i.HAL_FLASHEx_OBGetUserData), (32 bytes).
    Removing stm32f1xx_hal_flash_ex.o(i.HAL_FLASHEx_OBProgram), (200 bytes).
    Removing system_stm32f1xx.o(.rev16_text), (4 bytes).
    Removing system_stm32f1xx.o(.revsh_text), (4 bytes).
    Removing system_stm32f1xx.o(.rrx_text), (6 bytes).
    Removing system_stm32f1xx.o(i.SystemCoreClockUpdate), (104 bytes).
    Removing cdcmple.o(.text), (48 bytes).

474 unused section(s) (total 24508 bytes) removed from the image.

==============================================================================

Image Symbol Table

    Local Symbols

    Symbol Name                              Value     Ov Type        Size  Object(Section)

    ..//Src/system_stm32f1xx.c               0x00000000   Number         0  system_stm32f1xx.o ABSOLUTE
    ../Drivers/STM32F1xx_HAL_Driver/Src/stm32f1xx_hal.c 0x00000000   Number         0  stm32f1xx_hal.o ABSOLUTE
    ../Drivers/STM32F1xx_HAL_Driver/Src/stm32f1xx_hal_cortex.c 0x00000000   Number         0  stm32f1xx_hal_cortex.o ABSOLUTE
    ../Drivers/STM32F1xx_HAL_Driver/Src/stm32f1xx_hal_dma.c 0x00000000   Number         0  stm32f1xx_hal_dma.o ABSOLUTE
    ../Drivers/STM32F1xx_HAL_Driver/Src/stm32f1xx_hal_flash.c 0x00000000   Number         0  stm32f1xx_hal_flash.o ABSOLUTE
    ../Drivers/STM32F1xx_HAL_Driver/Src/stm32f1xx_hal_flash_ex.c 0x00000000   Number         0  stm32f1xx_hal_flash_ex.o ABSOLUTE
    ../Drivers/STM32F1xx_HAL_Driver/Src/stm32f1xx_hal_gpio.c 0x00000000   Number         0  stm32f1xx_hal_gpio.o ABSOLUTE
    ../Drivers/STM32F1xx_HAL_Driver/Src/stm32f1xx_hal_gpio_ex.c 0x00000000   Number         0  stm32f1xx_hal_gpio_ex.o ABSOLUTE
    ../Drivers/STM32F1xx_HAL_Driver/Src/stm32f1xx_hal_pwr.c 0x00000000   Number         0  stm32f1xx_hal_pwr.o ABSOLUTE
    ../Drivers/STM32F1xx_HAL_Driver/Src/stm32f1xx_hal_rcc.c 0x00000000   Number         0  stm32f1xx_hal_rcc.o ABSOLUTE
    ../Drivers/STM32F1xx_HAL_Driver/Src/stm32f1xx_hal_rcc_ex.c 0x00000000   Number         0  stm32f1xx_hal_rcc_ex.o ABSOLUTE
    ../Drivers/STM32F1xx_HAL_Driver/Src/stm32f1xx_hal_spi.c 0x00000000   Number         0  stm32f1xx_hal_spi.o ABSOLUTE
    ../Drivers/STM32F1xx_HAL_Driver/Src/stm32f1xx_hal_spi_ex.c 0x00000000   Number         0  stm32f1xx_hal_spi_ex.o ABSOLUTE
    ../Drivers/STM32F1xx_HAL_Driver/Src/stm32f1xx_hal_tim.c 0x00000000   Number         0  stm32f1xx_hal_tim.o ABSOLUTE
    ../Drivers/STM32F1xx_HAL_Driver/Src/stm32f1xx_hal_tim_ex.c 0x00000000   Number         0  stm32f1xx_hal_tim_ex.o ABSOLUTE
    ../Drivers/STM32F1xx_HAL_Driver/Src/stm32f1xx_hal_uart.c 0x00000000   Number         0  stm32f1xx_hal_uart.o ABSOLUTE
    ../Src/main.c                            0x00000000   Number         0  main.o ABSOLUTE
    ../Src/stm32f1xx_hal_msp.c               0x00000000   Number         0  stm32f1xx_hal_msp.o ABSOLUTE
    ../Src/stm32f1xx_it.c                    0x00000000   Number         0  stm32f1xx_it.o ABSOLUTE
    ../clib/microlib/division.c              0x00000000   Number         0  uldiv.o ABSOLUTE
    ../clib/microlib/division.c              0x00000000   Number         0  uidiv.o ABSOLUTE
    ../clib/microlib/errno.c                 0x00000000   Number         0  errno.o ABSOLUTE
    ../clib/microlib/init/entry.s            0x00000000   Number         0  entry5.o ABSOLUTE
    ../clib/microlib/init/entry.s            0x00000000   Number         0  entry7a.o ABSOLUTE
    ../clib/microlib/init/entry.s            0x00000000   Number         0  entry2.o ABSOLUTE
    ../clib/microlib/init/entry.s            0x00000000   Number         0  entry11a.o ABSOLUTE
    ../clib/microlib/init/entry.s            0x00000000   Number         0  entry7b.o ABSOLUTE
    ../clib/microlib/init/entry.s            0x00000000   Number         0  entry11b.o ABSOLUTE
    ../clib/microlib/init/entry.s            0x00000000   Number         0  entry9a.o ABSOLUTE
    ../clib/microlib/init/entry.s            0x00000000   Number         0  entry10a.o ABSOLUTE
    ../clib/microlib/init/entry.s            0x00000000   Number         0  entry9b.o ABSOLUTE
    ../clib/microlib/init/entry.s            0x00000000   Number         0  entry8b.o ABSOLUTE
    ../clib/microlib/init/entry.s            0x00000000   Number         0  entry8a.o ABSOLUTE
    ../clib/microlib/init/entry.s            0x00000000   Number         0  entry.o ABSOLUTE
    ../clib/microlib/init/entry.s            0x00000000   Number         0  entry10b.o ABSOLUTE
    ../clib/microlib/longlong.c              0x00000000   Number         0  llshl.o ABSOLUTE
    ../clib/microlib/longlong.c              0x00000000   Number         0  llsshr.o ABSOLUTE
    ../clib/microlib/longlong.c              0x00000000   Number         0  llushr.o ABSOLUTE
    ../clib/microlib/printf/printf.c         0x00000000   Number         0  printf0.o ABSOLUTE
    ../clib/microlib/printf/printf.c         0x00000000   Number         0  printf4.o ABSOLUTE
    ../clib/microlib/printf/printf.c         0x00000000   Number         0  printf3.o ABSOLUTE
    ../clib/microlib/printf/printf.c         0x00000000   Number         0  printf2.o ABSOLUTE
    ../clib/microlib/printf/printf.c         0x00000000   Number         0  printfb.o ABSOLUTE
    ../clib/microlib/printf/printf.c         0x00000000   Number         0  printf1.o ABSOLUTE
    ../clib/microlib/printf/printf.c         0x00000000   Number         0  printfa.o ABSOLUTE
    ../clib/microlib/printf/printf.c         0x00000000   Number         0  printf8.o ABSOLUTE
    ../clib/microlib/printf/printf.c         0x00000000   Number         0  printf7.o ABSOLUTE
    ../clib/microlib/printf/printf.c         0x00000000   Number         0  printf6.o ABSOLUTE
    ../clib/microlib/printf/printf.c         0x00000000   Number         0  printf5.o ABSOLUTE
    ../clib/microlib/printf/stubs.s          0x00000000   Number         0  stubs.o ABSOLUTE
    ../clib/microlib/stdio/fputc.c           0x00000000   Number         0  fputc.o ABSOLUTE
    ../clib/microlib/stdio/semi.s            0x00000000   Number         0  semi.o ABSOLUTE
    ../clib/microlib/stdio/streams.c         0x00000000   Number         0  stdout.o ABSOLUTE
    ../clib/microlib/string/strlen.c         0x00000000   Number         0  strlen.o ABSOLUTE
    ../clib/microlib/stubs.s                 0x00000000   Number         0  iusesemip.o ABSOLUTE
    ../clib/microlib/stubs.s                 0x00000000   Number         0  iusefp.o ABSOLUTE
    ../fplib/microlib/d2f.c                  0x00000000   Number         0  d2f.o ABSOLUTE
    ../fplib/microlib/f2d.c                  0x00000000   Number         0  f2d.o ABSOLUTE
    ../fplib/microlib/fpadd.c                0x00000000   Number         0  fadd.o ABSOLUTE
    ../fplib/microlib/fpadd.c                0x00000000   Number         0  dadd.o ABSOLUTE
    ../fplib/microlib/fpdiv.c                0x00000000   Number         0  ddiv.o ABSOLUTE
    ../fplib/microlib/fpdiv.c                0x00000000   Number         0  fdiv.o ABSOLUTE
    ../fplib/microlib/fpepilogue.c           0x00000000   Number         0  depilogue.o ABSOLUTE
    ../fplib/microlib/fpepilogue.c           0x00000000   Number         0  fepilogue.o ABSOLUTE
    ../fplib/microlib/fpfix.c                0x00000000   Number         0  dfixul.o ABSOLUTE
    ../fplib/microlib/fpflt.c                0x00000000   Number         0  ffltui.o ABSOLUTE
    ../fplib/microlib/fpflt.c                0x00000000   Number         0  dfltui.o ABSOLUTE
    ../fplib/microlib/fpmul.c                0x00000000   Number         0  dmul.o ABSOLUTE
    ../fplib/microlib/fpscalb.c              0x00000000   Number         0  dscalb.o ABSOLUTE
    ../fplib/microlib/fpscalb.c              0x00000000   Number         0  fscalb.o ABSOLUTE
    ../fplib/microlib/fpsqrt.c               0x00000000   Number         0  dsqrt.o ABSOLUTE
    ../mathlib/sqrt.c                        0x00000000   Number         0  sqrt.o ABSOLUTE
    ../mathlib/sqrt.c                        0x00000000   Number         0  sqrt_x.o ABSOLUTE
    ..\Drivers\STM32F1xx_HAL_Driver\Src\stm32f1xx_hal.c 0x00000000   Number         0  stm32f1xx_hal.o ABSOLUTE
    ..\Drivers\STM32F1xx_HAL_Driver\Src\stm32f1xx_hal_cortex.c 0x00000000   Number         0  stm32f1xx_hal_cortex.o ABSOLUTE
    ..\Drivers\STM32F1xx_HAL_Driver\Src\stm32f1xx_hal_dma.c 0x00000000   Number         0  stm32f1xx_hal_dma.o ABSOLUTE
    ..\Drivers\STM32F1xx_HAL_Driver\Src\stm32f1xx_hal_flash.c 0x00000000   Number         0  stm32f1xx_hal_flash.o ABSOLUTE
    ..\Drivers\STM32F1xx_HAL_Driver\Src\stm32f1xx_hal_flash_ex.c 0x00000000   Number         0  stm32f1xx_hal_flash_ex.o ABSOLUTE
    ..\Drivers\STM32F1xx_HAL_Driver\Src\stm32f1xx_hal_gpio.c 0x00000000   Number         0  stm32f1xx_hal_gpio.o ABSOLUTE
    ..\Drivers\STM32F1xx_HAL_Driver\Src\stm32f1xx_hal_gpio_ex.c 0x00000000   Number         0  stm32f1xx_hal_gpio_ex.o ABSOLUTE
    ..\Drivers\STM32F1xx_HAL_Driver\Src\stm32f1xx_hal_pwr.c 0x00000000   Number         0  stm32f1xx_hal_pwr.o ABSOLUTE
    ..\Drivers\STM32F1xx_HAL_Driver\Src\stm32f1xx_hal_rcc.c 0x00000000   Number         0  stm32f1xx_hal_rcc.o ABSOLUTE
    ..\Drivers\STM32F1xx_HAL_Driver\Src\stm32f1xx_hal_rcc_ex.c 0x00000000   Number         0  stm32f1xx_hal_rcc_ex.o ABSOLUTE
    ..\Drivers\STM32F1xx_HAL_Driver\Src\stm32f1xx_hal_spi.c 0x00000000   Number         0  stm32f1xx_hal_spi.o ABSOLUTE
    ..\Drivers\STM32F1xx_HAL_Driver\Src\stm32f1xx_hal_spi_ex.c 0x00000000   Number         0  stm32f1xx_hal_spi_ex.o ABSOLUTE
    ..\Drivers\STM32F1xx_HAL_Driver\Src\stm32f1xx_hal_tim.c 0x00000000   Number         0  stm32f1xx_hal_tim.o ABSOLUTE
    ..\Drivers\STM32F1xx_HAL_Driver\Src\stm32f1xx_hal_tim_ex.c 0x00000000   Number         0  stm32f1xx_hal_tim_ex.o ABSOLUTE
    ..\Drivers\STM32F1xx_HAL_Driver\Src\stm32f1xx_hal_uart.c 0x00000000   Number         0  stm32f1xx_hal_uart.o ABSOLUTE
    ..\Src\ADE7753.c                         0x00000000   Number         0  ade7753.o ABSOLUTE
    ..\Src\lcd_txt.c                         0x00000000   Number         0  lcd_txt.o ABSOLUTE
    ..\Src\main.c                            0x00000000   Number         0  main.o ABSOLUTE
    ..\Src\rc522.c                           0x00000000   Number         0  rc522.o ABSOLUTE
    ..\Src\stm32f1xx_hal_msp.c               0x00000000   Number         0  stm32f1xx_hal_msp.o ABSOLUTE
    ..\Src\stm32f1xx_it.c                    0x00000000   Number         0  stm32f1xx_it.o ABSOLUTE
    ..\\Src\\ADE7753.c                       0x00000000   Number         0  ade7753.o ABSOLUTE
    ..\\Src\\lcd_txt.c                       0x00000000   Number         0  lcd_txt.o ABSOLUTE
    ..\\Src\\rc522.c                         0x00000000   Number         0  rc522.o ABSOLUTE
    ..\\Src\system_stm32f1xx.c               0x00000000   Number         0  system_stm32f1xx.o ABSOLUTE
    cdcmple.s                                0x00000000   Number         0  cdcmple.o ABSOLUTE
    cdrcmple.s                               0x00000000   Number         0  cdrcmple.o ABSOLUTE
    cfrcmple.s                               0x00000000   Number         0  cfrcmple.o ABSOLUTE
    dc.s                                     0x00000000   Number         0  dc.o ABSOLUTE
    handlers.s                               0x00000000   Number         0  handlers.o ABSOLUTE
    init.s                                   0x00000000   Number         0  init.o ABSOLUTE
    startup_stm32f103xb.s                    0x00000000   Number         0  startup_stm32f103xb.o ABSOLUTE
    RESET                                    0x08000000   Section      236  startup_stm32f103xb.o(RESET)
    .ARM.Collect$$$$00000000                 0x080000ec   Section        0  entry.o(.ARM.Collect$$$$00000000)
    .ARM.Collect$$$$00000001                 0x080000ec   Section        4  entry2.o(.ARM.Collect$$$$00000001)
    .ARM.Collect$$$$00000004                 0x080000f0   Section        4  entry5.o(.ARM.Collect$$$$00000004)
    .ARM.Collect$$$$00000008                 0x080000f4   Section        0  entry7b.o(.ARM.Collect$$$$00000008)
    .ARM.Collect$$$$0000000A                 0x080000f4   Section        0  entry8b.o(.ARM.Collect$$$$0000000A)
    .ARM.Collect$$$$0000000B                 0x080000f4   Section        8  entry9a.o(.ARM.Collect$$$$0000000B)
    .ARM.Collect$$$$0000000D                 0x080000fc   Section        0  entry10a.o(.ARM.Collect$$$$0000000D)
    .ARM.Collect$$$$0000000F                 0x080000fc   Section        0  entry11a.o(.ARM.Collect$$$$0000000F)
    .ARM.Collect$$$$00002712                 0x080000fc   Section        4  entry2.o(.ARM.Collect$$$$00002712)
    __lit__00000000                          0x080000fc   Data           4  entry2.o(.ARM.Collect$$$$00002712)
    .text                                    0x08000100   Section       36  startup_stm32f103xb.o(.text)
    .text                                    0x08000124   Section        0  llushr.o(.text)
    .text                                    0x08000144   Section        0  strlen.o(.text)
    .text                                    0x08000152   Section        0  fadd.o(.text)
    .text                                    0x08000202   Section        0  fdiv.o(.text)
    .text                                    0x0800027e   Section        0  fscalb.o(.text)
    .text                                    0x08000296   Section        0  dmul.o(.text)
    .text                                    0x0800037a   Section        0  ddiv.o(.text)
    .text                                    0x08000458   Section        0  dscalb.o(.text)
    .text                                    0x08000486   Section        0  ffltui.o(.text)
    .text                                    0x08000490   Section        0  dfltui.o(.text)
    .text                                    0x080004aa   Section        0  f2d.o(.text)
    .text                                    0x080004d0   Section        0  d2f.o(.text)
    .text                                    0x08000508   Section       20  cfrcmple.o(.text)
    .text                                    0x0800051c   Section        0  uidiv.o(.text)
    .text                                    0x08000548   Section        0  uldiv.o(.text)
    .text                                    0x080005aa   Section        0  iusefp.o(.text)
    .text                                    0x080005aa   Section        0  fepilogue.o(.text)
    .text                                    0x08000618   Section        0  depilogue.o(.text)
    .text                                    0x080006d2   Section        0  dadd.o(.text)
    .text                                    0x08000820   Section        0  dsqrt.o(.text)
    .text                                    0x080008c2   Section        0  dfixul.o(.text)
    .text                                    0x080008f4   Section       48  cdrcmple.o(.text)
    .text                                    0x08000924   Section       36  init.o(.text)
    .text                                    0x08000948   Section        0  llshl.o(.text)
    .text                                    0x08000966   Section        0  llsshr.o(.text)
    i.BusFault_Handler                       0x0800098a   Section        0  stm32f1xx_it.o(i.BusFault_Handler)
    i.DebugMon_Handler                       0x0800098c   Section        0  stm32f1xx_it.o(i.DebugMon_Handler)
    i.HAL_DMA_Abort_IT                       0x08000990   Section        0  stm32f1xx_hal_dma.o(i.HAL_DMA_Abort_IT)
    i.HAL_Delay                              0x08000a28   Section        0  stm32f1xx_hal.o(i.HAL_Delay)
    i.HAL_GPIO_Init                          0x08000a4c   Section        0  stm32f1xx_hal_gpio.o(i.HAL_GPIO_Init)
    i.HAL_GPIO_TogglePin                     0x08000c08   Section        0  stm32f1xx_hal_gpio.o(i.HAL_GPIO_TogglePin)
    i.HAL_GPIO_WritePin                      0x08000c10   Section        0  stm32f1xx_hal_gpio.o(i.HAL_GPIO_WritePin)
    i.HAL_GetTick                            0x08000c1c   Section        0  stm32f1xx_hal.o(i.HAL_GetTick)
    i.HAL_IncTick                            0x08000c28   Section        0  stm32f1xx_hal.o(i.HAL_IncTick)
    i.HAL_Init                               0x08000c38   Section        0  stm32f1xx_hal.o(i.HAL_Init)
    i.HAL_InitTick                           0x08000c5c   Section        0  stm32f1xx_hal.o(i.HAL_InitTick)
    i.HAL_MspInit                            0x08000c9c   Section        0  stm32f1xx_hal_msp.o(i.HAL_MspInit)
    i.HAL_NVIC_EnableIRQ                     0x08000d2c   Section        0  stm32f1xx_hal_cortex.o(i.HAL_NVIC_EnableIRQ)
    i.HAL_NVIC_SetPriority                   0x08000d44   Section        0  stm32f1xx_hal_cortex.o(i.HAL_NVIC_SetPriority)
    i.HAL_NVIC_SetPriorityGrouping           0x08000d84   Section        0  stm32f1xx_hal_cortex.o(i.HAL_NVIC_SetPriorityGrouping)
    i.HAL_RCC_ClockConfig                    0x08000da8   Section        0  stm32f1xx_hal_rcc.o(i.HAL_RCC_ClockConfig)
    i.HAL_RCC_GetHCLKFreq                    0x08000efc   Section        0  stm32f1xx_hal_rcc.o(i.HAL_RCC_GetHCLKFreq)
    i.HAL_RCC_GetPCLK1Freq                   0x08000f08   Section        0  stm32f1xx_hal_rcc.o(i.HAL_RCC_GetPCLK1Freq)
    i.HAL_RCC_GetPCLK2Freq                   0x08000f28   Section        0  stm32f1xx_hal_rcc.o(i.HAL_RCC_GetPCLK2Freq)
    i.HAL_RCC_GetSysClockFreq                0x08000f48   Section        0  stm32f1xx_hal_rcc.o(i.HAL_RCC_GetSysClockFreq)
    i.HAL_RCC_OscConfig                      0x08000fb4   Section        0  stm32f1xx_hal_rcc.o(i.HAL_RCC_OscConfig)
    i.HAL_SPI_ErrorCallback                  0x080012b8   Section        0  stm32f1xx_hal_spi.o(i.HAL_SPI_ErrorCallback)
    i.HAL_SPI_IRQHandler                     0x080012bc   Section        0  stm32f1xx_hal_spi.o(i.HAL_SPI_IRQHandler)
    i.HAL_SPI_Init                           0x08001380   Section        0  stm32f1xx_hal_spi_ex.o(i.HAL_SPI_Init)
    i.HAL_SPI_MspInit                        0x08001404   Section        0  stm32f1xx_hal_msp.o(i.HAL_SPI_MspInit)
    i.HAL_SPI_Receive                        0x080014bc   Section        0  stm32f1xx_hal_spi.o(i.HAL_SPI_Receive)
    i.HAL_SPI_Transmit                       0x0800160c   Section        0  stm32f1xx_hal_spi.o(i.HAL_SPI_Transmit)
    i.HAL_SPI_TransmitReceive                0x08001774   Section        0  stm32f1xx_hal_spi.o(i.HAL_SPI_TransmitReceive)
    i.HAL_SYSTICK_CLKSourceConfig            0x0800194c   Section        0  stm32f1xx_hal_cortex.o(i.HAL_SYSTICK_CLKSourceConfig)
    i.HAL_SYSTICK_Callback                   0x08001964   Section        0  stm32f1xx_hal_cortex.o(i.HAL_SYSTICK_Callback)
    i.HAL_SYSTICK_Config                     0x08001966   Section        0  stm32f1xx_hal_cortex.o(i.HAL_SYSTICK_Config)
    i.HAL_SYSTICK_IRQHandler                 0x0800198e   Section        0  stm32f1xx_hal_cortex.o(i.HAL_SYSTICK_IRQHandler)
    i.HAL_TIMEx_BreakCallback                0x08001996   Section        0  stm32f1xx_hal_tim_ex.o(i.HAL_TIMEx_BreakCallback)
    i.HAL_TIMEx_CommutationCallback          0x08001998   Section        0  stm32f1xx_hal_tim_ex.o(i.HAL_TIMEx_CommutationCallback)
    i.HAL_TIMEx_MasterConfigSynchronization  0x0800199a   Section        0  stm32f1xx_hal_tim_ex.o(i.HAL_TIMEx_MasterConfigSynchronization)
    i.HAL_TIM_Base_Init                      0x080019ea   Section        0  stm32f1xx_hal_tim.o(i.HAL_TIM_Base_Init)
    i.HAL_TIM_Base_MspInit                   0x08001a20   Section        0  stm32f1xx_hal_msp.o(i.HAL_TIM_Base_MspInit)
    i.HAL_TIM_Base_Start_IT                  0x08001a5c   Section        0  stm32f1xx_hal_tim.o(i.HAL_TIM_Base_Start_IT)
    i.HAL_TIM_ConfigClockSource              0x08001a74   Section        0  stm32f1xx_hal_tim.o(i.HAL_TIM_ConfigClockSource)
    i.HAL_TIM_IC_CaptureCallback             0x08001b66   Section        0  stm32f1xx_hal_tim.o(i.HAL_TIM_IC_CaptureCallback)
    i.HAL_TIM_IRQHandler                     0x08001b68   Section        0  stm32f1xx_hal_tim.o(i.HAL_TIM_IRQHandler)
    i.HAL_TIM_OC_DelayElapsedCallback        0x08001cce   Section        0  stm32f1xx_hal_tim.o(i.HAL_TIM_OC_DelayElapsedCallback)
    i.HAL_TIM_PWM_PulseFinishedCallback      0x08001cd0   Section        0  stm32f1xx_hal_tim.o(i.HAL_TIM_PWM_PulseFinishedCallback)
    i.HAL_TIM_PeriodElapsedCallback          0x08001cd4   Section        0  main.o(i.HAL_TIM_PeriodElapsedCallback)
    i.HAL_TIM_TriggerCallback                0x08001cf0   Section        0  stm32f1xx_hal_tim.o(i.HAL_TIM_TriggerCallback)
    i.HAL_UART_ErrorCallback                 0x08001cf2   Section        0  stm32f1xx_hal_uart.o(i.HAL_UART_ErrorCallback)
    i.HAL_UART_IRQHandler                    0x08001cf4   Section        0  stm32f1xx_hal_uart.o(i.HAL_UART_IRQHandler)
    i.HAL_UART_Init                          0x08001e04   Section        0  stm32f1xx_hal_uart.o(i.HAL_UART_Init)
    i.HAL_UART_MspInit                       0x08001e68   Section        0  stm32f1xx_hal_msp.o(i.HAL_UART_MspInit)
    i.HAL_UART_RxCpltCallback                0x08001f1c   Section        0  stm32f1xx_hal_uart.o(i.HAL_UART_RxCpltCallback)
    i.HAL_UART_Transmit_IT                   0x08001f1e   Section        0  stm32f1xx_hal_uart.o(i.HAL_UART_Transmit_IT)
    i.HAL_UART_TxCpltCallback                0x08001f5c   Section        0  stm32f1xx_hal_uart.o(i.HAL_UART_TxCpltCallback)
    i.HardFault_Handler                      0x08001f5e   Section        0  stm32f1xx_it.o(i.HardFault_Handler)
    i.MX_GPIO_Init                           0x08001f60   Section        0  main.o(i.MX_GPIO_Init)
    MX_GPIO_Init                             0x08001f61   Thumb Code   222  main.o(i.MX_GPIO_Init)
    i.MX_SPI1_Init                           0x08002050   Section        0  main.o(i.MX_SPI1_Init)
    MX_SPI1_Init                             0x08002051   Thumb Code    56  main.o(i.MX_SPI1_Init)
    i.MX_SPI2_Init                           0x08002090   Section        0  main.o(i.MX_SPI2_Init)
    MX_SPI2_Init                             0x08002091   Thumb Code    56  main.o(i.MX_SPI2_Init)
    i.MX_TIM4_Init                           0x080020d0   Section        0  main.o(i.MX_TIM4_Init)
    MX_TIM4_Init                             0x080020d1   Thumb Code    80  main.o(i.MX_TIM4_Init)
    i.MemManage_Handler                      0x08002128   Section        0  stm32f1xx_it.o(i.MemManage_Handler)
    i.NMI_Handler                            0x0800212a   Section        0  stm32f1xx_it.o(i.NMI_Handler)
    i.NVIC_SetPriority                       0x0800212c   Section        0  stm32f1xx_hal_cortex.o(i.NVIC_SetPriority)
    NVIC_SetPriority                         0x0800212d   Thumb Code    32  stm32f1xx_hal_cortex.o(i.NVIC_SetPriority)
    i.PendSV_Handler                         0x0800214c   Section        0  stm32f1xx_it.o(i.PendSV_Handler)
    i.Reset_ADE                              0x08002150   Section        0  main.o(i.Reset_ADE)
    i.SPI1_IRQHandler                        0x08002180   Section        0  stm32f1xx_it.o(i.SPI1_IRQHandler)
    i.SPI2_IRQHandler                        0x0800218c   Section        0  stm32f1xx_it.o(i.SPI2_IRQHandler)
    i.SPI_CheckFlag_BSY                      0x08002198   Section        0  stm32f1xx_hal_spi.o(i.SPI_CheckFlag_BSY)
    SPI_CheckFlag_BSY                        0x08002199   Thumb Code    32  stm32f1xx_hal_spi.o(i.SPI_CheckFlag_BSY)
    i.SPI_DMAAbortOnError                    0x080021b8   Section        0  stm32f1xx_hal_spi.o(i.SPI_DMAAbortOnError)
    SPI_DMAAbortOnError                      0x080021b9   Thumb Code    16  stm32f1xx_hal_spi.o(i.SPI_DMAAbortOnError)
    i.SPI_WaitFlagStateUntilTimeout          0x080021c8   Section        0  stm32f1xx_hal_spi.o(i.SPI_WaitFlagStateUntilTimeout)
    SPI_WaitFlagStateUntilTimeout            0x080021c9   Thumb Code   150  stm32f1xx_hal_spi.o(i.SPI_WaitFlagStateUntilTimeout)
    i.SVC_Handler                            0x0800225e   Section        0  stm32f1xx_it.o(i.SVC_Handler)
    i.SysTick_Handler                        0x08002260   Section        0  stm32f1xx_it.o(i.SysTick_Handler)
    i.SystemClock_Config                     0x0800226e   Section        0  main.o(i.SystemClock_Config)
    i.SystemInit                             0x080022d8   Section        0  system_stm32f1xx.o(i.SystemInit)
    i.TIM4_IRQHandler                        0x08002320   Section        0  stm32f1xx_it.o(i.TIM4_IRQHandler)
    i.TIM_Base_SetConfig                     0x0800232c   Section        0  stm32f1xx_hal_tim.o(i.TIM_Base_SetConfig)
    i.TIM_ETR_SetConfig                      0x08002398   Section        0  stm32f1xx_hal_tim.o(i.TIM_ETR_SetConfig)
    TIM_ETR_SetConfig                        0x08002399   Thumb Code    20  stm32f1xx_hal_tim.o(i.TIM_ETR_SetConfig)
    i.TIM_ITRx_SetConfig                     0x080023ac   Section        0  stm32f1xx_hal_tim.o(i.TIM_ITRx_SetConfig)
    TIM_ITRx_SetConfig                       0x080023ad   Thumb Code    16  stm32f1xx_hal_tim.o(i.TIM_ITRx_SetConfig)
    i.TIM_TI1_ConfigInputStage               0x080023bc   Section        0  stm32f1xx_hal_tim.o(i.TIM_TI1_ConfigInputStage)
    TIM_TI1_ConfigInputStage                 0x080023bd   Thumb Code    34  stm32f1xx_hal_tim.o(i.TIM_TI1_ConfigInputStage)
    i.TIM_TI2_ConfigInputStage               0x080023de   Section        0  stm32f1xx_hal_tim.o(i.TIM_TI2_ConfigInputStage)
    TIM_TI2_ConfigInputStage                 0x080023df   Thumb Code    36  stm32f1xx_hal_tim.o(i.TIM_TI2_ConfigInputStage)
    i.UART_DMAAbortOnError                   0x08002402   Section        0  stm32f1xx_hal_uart.o(i.UART_DMAAbortOnError)
    UART_DMAAbortOnError                     0x08002403   Thumb Code    16  stm32f1xx_hal_uart.o(i.UART_DMAAbortOnError)
    i.UART_EndRxTransfer                     0x08002412   Section        0  stm32f1xx_hal_uart.o(i.UART_EndRxTransfer)
    UART_EndRxTransfer                       0x08002413   Thumb Code    28  stm32f1xx_hal_uart.o(i.UART_EndRxTransfer)
    i.UART_Receive_IT                        0x0800242e   Section        0  stm32f1xx_hal_uart.o(i.UART_Receive_IT)
    UART_Receive_IT                          0x0800242f   Thumb Code   150  stm32f1xx_hal_uart.o(i.UART_Receive_IT)
    i.UART_SetConfig                         0x080024c4   Section        0  stm32f1xx_hal_uart.o(i.UART_SetConfig)
    UART_SetConfig                           0x080024c5   Thumb Code   364  stm32f1xx_hal_uart.o(i.UART_SetConfig)
    i.UART_Transmit_IT                       0x08002634   Section        0  stm32f1xx_hal_uart.o(i.UART_Transmit_IT)
    UART_Transmit_IT                         0x08002635   Thumb Code    98  stm32f1xx_hal_uart.o(i.UART_Transmit_IT)
    i.USART1_IRQHandler                      0x08002698   Section        0  stm32f1xx_it.o(i.USART1_IRQHandler)
    i.USART3_IRQHandler                      0x080026a4   Section        0  stm32f1xx_it.o(i.USART3_IRQHandler)
    i.UsageFault_Handler                     0x080026b0   Section        0  stm32f1xx_it.o(i.UsageFault_Handler)
    i.__0sprintf                             0x080026b4   Section        0  printfa.o(i.__0sprintf)
    i.__scatterload_copy                     0x080026dc   Section       14  handlers.o(i.__scatterload_copy)
    i.__scatterload_null                     0x080026ea   Section        2  handlers.o(i.__scatterload_null)
    i.__scatterload_zeroinit                 0x080026ec   Section       14  handlers.o(i.__scatterload_zeroinit)
    i.__set_errno                            0x080026fc   Section        0  errno.o(i.__set_errno)
    i._fp_digits                             0x08002708   Section        0  printfa.o(i._fp_digits)
    _fp_digits                               0x08002709   Thumb Code   366  printfa.o(i._fp_digits)
    i._printf_core                           0x0800288c   Section        0  printfa.o(i._printf_core)
    _printf_core                             0x0800288d   Thumb Code  1744  printfa.o(i._printf_core)
    i._printf_post_padding                   0x08002f68   Section        0  printfa.o(i._printf_post_padding)
    _printf_post_padding                     0x08002f69   Thumb Code    36  printfa.o(i._printf_post_padding)
    i._printf_pre_padding                    0x08002f8c   Section        0  printfa.o(i._printf_pre_padding)
    _printf_pre_padding                      0x08002f8d   Thumb Code    46  printfa.o(i._printf_pre_padding)
    i._sputc                                 0x08002fba   Section        0  printfa.o(i._sputc)
    _sputc                                   0x08002fbb   Thumb Code    10  printfa.o(i._sputc)
    i.clear1line                             0x08002fc4   Section        0  main.o(i.clear1line)
    i.getFrecuency_1                         0x08002fe4   Section        0  ade7753.o(i.getFrecuency_1)
    i.getFrecuency_2                         0x08003000   Section        0  ade7753.o(i.getFrecuency_2)
    i.getIRMS_1                              0x0800301c   Section        0  ade7753.o(i.getIRMS_1)
    i.getIRMS_2                              0x0800302e   Section        0  ade7753.o(i.getIRMS_2)
    i.getP1                                  0x08003040   Section        0  ade7753.o(i.getP1)
    i.getP2                                  0x08003058   Section        0  ade7753.o(i.getP2)
    i.getPeriod_1                            0x08003070   Section        0  ade7753.o(i.getPeriod_1)
    i.getS1                                  0x08003094   Section        0  ade7753.o(i.getS1)
    i.getS2                                  0x080030ac   Section        0  ade7753.o(i.getS2)
    i.getStatus_1                            0x080030c4   Section        0  ade7753.o(i.getStatus_1)
    i.getStatus_2                            0x080030ca   Section        0  ade7753.o(i.getStatus_2)
    i.getVRMS_1                              0x080030d0   Section        0  ade7753.o(i.getVRMS_1)
    i.getVRMS_2                              0x080030e2   Section        0  ade7753.o(i.getVRMS_2)
    i.getdata                                0x080030f4   Section        0  main.o(i.getdata)
    i.handle_pick                            0x080032c8   Section        0  main.o(i.handle_pick)
    i.irms1                                  0x080032f0   Section        0  ade7753.o(i.irms1)
    i.irms2                                  0x08003364   Section        0  ade7753.o(i.irms2)
    i.lcd_display                            0x080033d8   Section        0  main.o(i.lcd_display)
    i.lcd_init                               0x08003770   Section        0  lcd_txt.o(i.lcd_init)
    i.lcd_puts                               0x0800384c   Section        0  lcd_txt.o(i.lcd_puts)
    i.lcd_write                              0x0800388c   Section        0  lcd_txt.o(i.lcd_write)
    i.main                                   0x08003978   Section        0  main.o(i.main)
    i.read16_1                               0x08003a1c   Section        0  ade7753.o(i.read16_1)
    i.read16_2                               0x08003a84   Section        0  ade7753.o(i.read16_2)
    i.read24_1                               0x08003af0   Section        0  ade7753.o(i.read24_1)
    i.read24_2                               0x08003b78   Section        0  ade7753.o(i.read24_2)
    i.sendata_RS485                          0x08003c04   Section        0  main.o(i.sendata_RS485)
    i.sendata_wifi                           0x08003d10   Section        0  main.o(i.sendata_wifi)
    i.setLineCyc                             0x08003e24   Section        0  ade7753.o(i.setLineCyc)
    i.setMode                                0x08003e3c   Section        0  ade7753.o(i.setMode)
    i.setPotLine                             0x08003e54   Section        0  ade7753.o(i.setPotLine)
    i.sqrt                                   0x08003e88   Section        0  sqrt.o(i.sqrt)
    i.vrms1                                  0x08003ed4   Section        0  ade7753.o(i.vrms1)
    i.vrms2                                  0x08003f48   Section        0  ade7753.o(i.vrms2)
    i.write16_1                              0x08003fbc   Section        0  ade7753.o(i.write16_1)
    i.write16_2                              0x08004038   Section        0  ade7753.o(i.write16_2)
    .constdata                               0x080040b4   Section       16  system_stm32f1xx.o(.constdata)
    .constdata                               0x080040c4   Section        8  system_stm32f1xx.o(.constdata)
    .conststring                             0x080040cc   Section      413  main.o(.conststring)
    .data                                    0x20000000   Section       92  main.o(.data)
    .data                                    0x2000005c   Section       12  stm32f1xx_hal.o(.data)
    .data                                    0x20000068   Section        4  system_stm32f1xx.o(.data)
    .data                                    0x2000006c   Section        4  errno.o(.data)
    _errno                                   0x2000006c   Data           4  errno.o(.data)
    .bss                                     0x20000070   Section      988  main.o(.bss)
    STACK                                    0x20000450   Section     1024  startup_stm32f103xb.o(STACK)

    Global Symbols

    Symbol Name                              Value     Ov Type        Size  Object(Section)

    BuildAttributes$$THM_ISAv4$P$D$K$B$S$PE$A:L22UL41UL21$X:L11$S22US41US21$IEEE1$IW$USESV6$~STKCKD$USESV7$~SHL$OTIME$ROPI$IEEEJ$EBA8$MICROLIB$REQ8$PRES8$EABIv2 0x00000000   Number         0  anon$$obj.o ABSOLUTE
    __ARM_use_no_argv                        0x00000000   Number         0  main.o ABSOLUTE
    _printf_a                                0x00000000   Number         0  stubs.o ABSOLUTE
    _printf_c                                0x00000000   Number         0  stubs.o ABSOLUTE
    _printf_charcount                        0x00000000   Number         0  stubs.o ABSOLUTE
    _printf_d                                0x00000000   Number         0  stubs.o ABSOLUTE
    _printf_e                                0x00000000   Number         0  stubs.o ABSOLUTE
    _printf_f                                0x00000000   Number         0  stubs.o ABSOLUTE
    _printf_flags                            0x00000000   Number         0  stubs.o ABSOLUTE
    _printf_fp_dec                           0x00000000   Number         0  stubs.o ABSOLUTE
    _printf_fp_hex                           0x00000000   Number         0  stubs.o ABSOLUTE
    _printf_g                                0x00000000   Number         0  stubs.o ABSOLUTE
    _printf_i                                0x00000000   Number         0  stubs.o ABSOLUTE
    _printf_int_dec                          0x00000000   Number         0  stubs.o ABSOLUTE
    _printf_l                                0x00000000   Number         0  stubs.o ABSOLUTE
    _printf_lc                               0x00000000   Number         0  stubs.o ABSOLUTE
    _printf_ll                               0x00000000   Number         0  stubs.o ABSOLUTE
    _printf_lld                              0x00000000   Number         0  stubs.o ABSOLUTE
    _printf_lli                              0x00000000   Number         0  stubs.o ABSOLUTE
    _printf_llo                              0x00000000   Number         0  stubs.o ABSOLUTE
    _printf_llu                              0x00000000   Number         0  stubs.o ABSOLUTE
    _printf_llx                              0x00000000   Number         0  stubs.o ABSOLUTE
    _printf_longlong_dec                     0x00000000   Number         0  stubs.o ABSOLUTE
    _printf_longlong_hex                     0x00000000   Number         0  stubs.o ABSOLUTE
    _printf_longlong_oct                     0x00000000   Number         0  stubs.o ABSOLUTE
    _printf_ls                               0x00000000   Number         0  stubs.o ABSOLUTE
    _printf_mbtowc                           0x00000000   Number         0  stubs.o ABSOLUTE
    _printf_n                                0x00000000   Number         0  stubs.o ABSOLUTE
    _printf_o                                0x00000000   Number         0  stubs.o ABSOLUTE
    _printf_p                                0x00000000   Number         0  stubs.o ABSOLUTE
    _printf_percent                          0x00000000   Number         0  stubs.o ABSOLUTE
    _printf_pre_padding                      0x00000000   Number         0  stubs.o ABSOLUTE
    _printf_return_value                     0x00000000   Number         0  stubs.o ABSOLUTE
    _printf_s                                0x00000000   Number         0  stubs.o ABSOLUTE
    _printf_sizespec                         0x00000000   Number         0  stubs.o ABSOLUTE
    _printf_str                              0x00000000   Number         0  stubs.o ABSOLUTE
    _printf_truncate_signed                  0x00000000   Number         0  stubs.o ABSOLUTE
    _printf_truncate_unsigned                0x00000000   Number         0  stubs.o ABSOLUTE
    _printf_u                                0x00000000   Number         0  stubs.o ABSOLUTE
    _printf_wc                               0x00000000   Number         0  stubs.o ABSOLUTE
    _printf_wctomb                           0x00000000   Number         0  stubs.o ABSOLUTE
    _printf_widthprec                        0x00000000   Number         0  stubs.o ABSOLUTE
    _printf_x                                0x00000000   Number         0  stubs.o ABSOLUTE
    __cpp_initialize__aeabi_                  - Undefined Weak Reference
    __cxa_finalize                            - Undefined Weak Reference
    __decompress                              - Undefined Weak Reference
    _clock_init                               - Undefined Weak Reference
    _microlib_exit                            - Undefined Weak Reference
    __Vectors_Size                           0x000000ec   Number         0  startup_stm32f103xb.o ABSOLUTE
    __Vectors                                0x08000000   Data           4  startup_stm32f103xb.o(RESET)
    __Vectors_End                            0x080000ec   Data           0  startup_stm32f103xb.o(RESET)
    __main                                   0x080000ed   Thumb Code     0  entry.o(.ARM.Collect$$$$00000000)
    _main_stk                                0x080000ed   Thumb Code     0  entry2.o(.ARM.Collect$$$$00000001)
    _main_scatterload                        0x080000f1   Thumb Code     0  entry5.o(.ARM.Collect$$$$00000004)
    __main_after_scatterload                 0x080000f5   Thumb Code     0  entry5.o(.ARM.Collect$$$$00000004)
    _main_clock                              0x080000f5   Thumb Code     0  entry7b.o(.ARM.Collect$$$$00000008)
    _main_cpp_init                           0x080000f5   Thumb Code     0  entry8b.o(.ARM.Collect$$$$0000000A)
    _main_init                               0x080000f5   Thumb Code     0  entry9a.o(.ARM.Collect$$$$0000000B)
    __rt_final_cpp                           0x080000fd   Thumb Code     0  entry10a.o(.ARM.Collect$$$$0000000D)
    __rt_final_exit                          0x080000fd   Thumb Code     0  entry11a.o(.ARM.Collect$$$$0000000F)
    Reset_Handler                            0x08000101   Thumb Code     8  startup_stm32f103xb.o(.text)
    ADC1_2_IRQHandler                        0x0800011b   Thumb Code     0  startup_stm32f103xb.o(.text)
    CAN1_RX1_IRQHandler                      0x0800011b   Thumb Code     0  startup_stm32f103xb.o(.text)
    CAN1_SCE_IRQHandler                      0x0800011b   Thumb Code     0  startup_stm32f103xb.o(.text)
    DMA1_Channel1_IRQHandler                 0x0800011b   Thumb Code     0  startup_stm32f103xb.o(.text)
    DMA1_Channel2_IRQHandler                 0x0800011b   Thumb Code     0  startup_stm32f103xb.o(.text)
    DMA1_Channel3_IRQHandler                 0x0800011b   Thumb Code     0  startup_stm32f103xb.o(.text)
    DMA1_Channel4_IRQHandler                 0x0800011b   Thumb Code     0  startup_stm32f103xb.o(.text)
    DMA1_Channel5_IRQHandler                 0x0800011b   Thumb Code     0  startup_stm32f103xb.o(.text)
    DMA1_Channel6_IRQHandler                 0x0800011b   Thumb Code     0  startup_stm32f103xb.o(.text)
    DMA1_Channel7_IRQHandler                 0x0800011b   Thumb Code     0  startup_stm32f103xb.o(.text)
    EXTI0_IRQHandler                         0x0800011b   Thumb Code     0  startup_stm32f103xb.o(.text)
    EXTI15_10_IRQHandler                     0x0800011b   Thumb Code     0  startup_stm32f103xb.o(.text)
    EXTI1_IRQHandler                         0x0800011b   Thumb Code     0  startup_stm32f103xb.o(.text)
    EXTI2_IRQHandler                         0x0800011b   Thumb Code     0  startup_stm32f103xb.o(.text)
    EXTI3_IRQHandler                         0x0800011b   Thumb Code     0  startup_stm32f103xb.o(.text)
    EXTI4_IRQHandler                         0x0800011b   Thumb Code     0  startup_stm32f103xb.o(.text)
    EXTI9_5_IRQHandler                       0x0800011b   Thumb Code     0  startup_stm32f103xb.o(.text)
    FLASH_IRQHandler                         0x0800011b   Thumb Code     0  startup_stm32f103xb.o(.text)
    I2C1_ER_IRQHandler                       0x0800011b   Thumb Code     0  startup_stm32f103xb.o(.text)
    I2C1_EV_IRQHandler                       0x0800011b   Thumb Code     0  startup_stm32f103xb.o(.text)
    I2C2_ER_IRQHandler                       0x0800011b   Thumb Code     0  startup_stm32f103xb.o(.text)
    I2C2_EV_IRQHandler                       0x0800011b   Thumb Code     0  startup_stm32f103xb.o(.text)
    PVD_IRQHandler                           0x0800011b   Thumb Code     0  startup_stm32f103xb.o(.text)
    RCC_IRQHandler                           0x0800011b   Thumb Code     0  startup_stm32f103xb.o(.text)
    RTC_Alarm_IRQHandler                     0x0800011b   Thumb Code     0  startup_stm32f103xb.o(.text)
    RTC_IRQHandler                           0x0800011b   Thumb Code     0  startup_stm32f103xb.o(.text)
    TAMPER_IRQHandler                        0x0800011b   Thumb Code     0  startup_stm32f103xb.o(.text)
    TIM1_BRK_IRQHandler                      0x0800011b   Thumb Code     0  startup_stm32f103xb.o(.text)
    TIM1_CC_IRQHandler                       0x0800011b   Thumb Code     0  startup_stm32f103xb.o(.text)
    TIM1_TRG_COM_IRQHandler                  0x0800011b   Thumb Code     0  startup_stm32f103xb.o(.text)
    TIM1_UP_IRQHandler                       0x0800011b   Thumb Code     0  startup_stm32f103xb.o(.text)
    TIM2_IRQHandler                          0x0800011b   Thumb Code     0  startup_stm32f103xb.o(.text)
    TIM3_IRQHandler                          0x0800011b   Thumb Code     0  startup_stm32f103xb.o(.text)
    USART2_IRQHandler                        0x0800011b   Thumb Code     0  startup_stm32f103xb.o(.text)
    USBWakeUp_IRQHandler                     0x0800011b   Thumb Code     0  startup_stm32f103xb.o(.text)
    USB_HP_CAN1_TX_IRQHandler                0x0800011b   Thumb Code     0  startup_stm32f103xb.o(.text)
    USB_LP_CAN1_RX0_IRQHandler               0x0800011b   Thumb Code     0  startup_stm32f103xb.o(.text)
    WWDG_IRQHandler                          0x0800011b   Thumb Code     0  startup_stm32f103xb.o(.text)
    __aeabi_llsr                             0x08000125   Thumb Code    32  llushr.o(.text)
    _ll_ushift_r                             0x08000125   Thumb Code     0  llushr.o(.text)
    strlen                                   0x08000145   Thumb Code    14  strlen.o(.text)
    __aeabi_fadd                             0x08000153   Thumb Code   164  fadd.o(.text)
    __aeabi_fsub                             0x080001f7   Thumb Code     6  fadd.o(.text)
    __aeabi_frsub                            0x080001fd   Thumb Code     6  fadd.o(.text)
    __aeabi_fdiv                             0x08000203   Thumb Code   124  fdiv.o(.text)
    __ARM_scalbnf                            0x0800027f   Thumb Code    24  fscalb.o(.text)
    scalbnf                                  0x0800027f   Thumb Code     0  fscalb.o(.text)
    __aeabi_dmul                             0x08000297   Thumb Code   228  dmul.o(.text)
    __aeabi_ddiv                             0x0800037b   Thumb Code   222  ddiv.o(.text)
    __ARM_scalbn                             0x08000459   Thumb Code    46  dscalb.o(.text)
    scalbn                                   0x08000459   Thumb Code     0  dscalb.o(.text)
    __aeabi_ui2f                             0x08000487   Thumb Code    10  ffltui.o(.text)
    __aeabi_ui2d                             0x08000491   Thumb Code    26  dfltui.o(.text)
    __aeabi_f2d                              0x080004ab   Thumb Code    38  f2d.o(.text)
    __aeabi_d2f                              0x080004d1   Thumb Code    56  d2f.o(.text)
    __aeabi_cfrcmple                         0x08000509   Thumb Code    20  cfrcmple.o(.text)
    __aeabi_uidiv                            0x0800051d   Thumb Code     0  uidiv.o(.text)
    __aeabi_uidivmod                         0x0800051d   Thumb Code    44  uidiv.o(.text)
    __aeabi_uldivmod                         0x08000549   Thumb Code    98  uldiv.o(.text)
    __I$use$fp                               0x080005ab   Thumb Code     0  iusefp.o(.text)
    _float_round                             0x080005ab   Thumb Code    18  fepilogue.o(.text)
    _float_epilogue                          0x080005bd   Thumb Code    92  fepilogue.o(.text)
    _double_round                            0x08000619   Thumb Code    30  depilogue.o(.text)
    _double_epilogue                         0x08000637   Thumb Code   156  depilogue.o(.text)
    __aeabi_dadd                             0x080006d3   Thumb Code   322  dadd.o(.text)
    __aeabi_dsub                             0x08000815   Thumb Code     6  dadd.o(.text)
    __aeabi_drsub                            0x0800081b   Thumb Code     6  dadd.o(.text)
    _dsqrt                                   0x08000821   Thumb Code   162  dsqrt.o(.text)
    __aeabi_d2ulz                            0x080008c3   Thumb Code    48  dfixul.o(.text)
    __aeabi_cdrcmple                         0x080008f5   Thumb Code    48  cdrcmple.o(.text)
    __scatterload                            0x08000925   Thumb Code    28  init.o(.text)
    __scatterload_rt2                        0x08000925   Thumb Code     0  init.o(.text)
    __aeabi_llsl                             0x08000949   Thumb Code    30  llshl.o(.text)
    _ll_shift_l                              0x08000949   Thumb Code     0  llshl.o(.text)
    __aeabi_lasr                             0x08000967   Thumb Code    36  llsshr.o(.text)
    _ll_sshift_r                             0x08000967   Thumb Code     0  llsshr.o(.text)
    BusFault_Handler                         0x0800098b   Thumb Code     2  stm32f1xx_it.o(i.BusFault_Handler)
    DebugMon_Handler                         0x0800098d   Thumb Code     2  stm32f1xx_it.o(i.DebugMon_Handler)
    HAL_DMA_Abort_IT                         0x08000991   Thumb Code   148  stm32f1xx_hal_dma.o(i.HAL_DMA_Abort_IT)
    HAL_Delay                                0x08000a29   Thumb Code    32  stm32f1xx_hal.o(i.HAL_Delay)
    HAL_GPIO_Init                            0x08000a4d   Thumb Code   408  stm32f1xx_hal_gpio.o(i.HAL_GPIO_Init)
    HAL_GPIO_TogglePin                       0x08000c09   Thumb Code     8  stm32f1xx_hal_gpio.o(i.HAL_GPIO_TogglePin)
    HAL_GPIO_WritePin                        0x08000c11   Thumb Code    10  stm32f1xx_hal_gpio.o(i.HAL_GPIO_WritePin)
    HAL_GetTick                              0x08000c1d   Thumb Code     6  stm32f1xx_hal.o(i.HAL_GetTick)
    HAL_IncTick                              0x08000c29   Thumb Code    12  stm32f1xx_hal.o(i.HAL_IncTick)
    HAL_Init                                 0x08000c39   Thumb Code    32  stm32f1xx_hal.o(i.HAL_Init)
    HAL_InitTick                             0x08000c5d   Thumb Code    54  stm32f1xx_hal.o(i.HAL_InitTick)
    HAL_MspInit                              0x08000c9d   Thumb Code   134  stm32f1xx_hal_msp.o(i.HAL_MspInit)
    HAL_NVIC_EnableIRQ                       0x08000d2d   Thumb Code    22  stm32f1xx_hal_cortex.o(i.HAL_NVIC_EnableIRQ)
    HAL_NVIC_SetPriority                     0x08000d45   Thumb Code    60  stm32f1xx_hal_cortex.o(i.HAL_NVIC_SetPriority)
    HAL_NVIC_SetPriorityGrouping             0x08000d85   Thumb Code    26  stm32f1xx_hal_cortex.o(i.HAL_NVIC_SetPriorityGrouping)
    HAL_RCC_ClockConfig                      0x08000da9   Thumb Code   322  stm32f1xx_hal_rcc.o(i.HAL_RCC_ClockConfig)
    HAL_RCC_GetHCLKFreq                      0x08000efd   Thumb Code     6  stm32f1xx_hal_rcc.o(i.HAL_RCC_GetHCLKFreq)
    HAL_RCC_GetPCLK1Freq                     0x08000f09   Thumb Code    20  stm32f1xx_hal_rcc.o(i.HAL_RCC_GetPCLK1Freq)
    HAL_RCC_GetPCLK2Freq                     0x08000f29   Thumb Code    20  stm32f1xx_hal_rcc.o(i.HAL_RCC_GetPCLK2Freq)
    HAL_RCC_GetSysClockFreq                  0x08000f49   Thumb Code    74  stm32f1xx_hal_rcc.o(i.HAL_RCC_GetSysClockFreq)
    HAL_RCC_OscConfig                        0x08000fb5   Thumb Code   750  stm32f1xx_hal_rcc.o(i.HAL_RCC_OscConfig)
    HAL_SPI_ErrorCallback                    0x080012b9   Thumb Code     2  stm32f1xx_hal_spi.o(i.HAL_SPI_ErrorCallback)
    HAL_SPI_IRQHandler                       0x080012bd   Thumb Code   190  stm32f1xx_hal_spi.o(i.HAL_SPI_IRQHandler)
    HAL_SPI_Init                             0x08001381   Thumb Code   130  stm32f1xx_hal_spi_ex.o(i.HAL_SPI_Init)
    HAL_SPI_MspInit                          0x08001405   Thumb Code   164  stm32f1xx_hal_msp.o(i.HAL_SPI_MspInit)
    HAL_SPI_Receive                          0x080014bd   Thumb Code   336  stm32f1xx_hal_spi.o(i.HAL_SPI_Receive)
    HAL_SPI_Transmit                         0x0800160d   Thumb Code   360  stm32f1xx_hal_spi.o(i.HAL_SPI_Transmit)
    HAL_SPI_TransmitReceive                  0x08001775   Thumb Code   472  stm32f1xx_hal_spi.o(i.HAL_SPI_TransmitReceive)
    HAL_SYSTICK_CLKSourceConfig              0x0800194d   Thumb Code    24  stm32f1xx_hal_cortex.o(i.HAL_SYSTICK_CLKSourceConfig)
    HAL_SYSTICK_Callback                     0x08001965   Thumb Code     2  stm32f1xx_hal_cortex.o(i.HAL_SYSTICK_Callback)
    HAL_SYSTICK_Config                       0x08001967   Thumb Code    40  stm32f1xx_hal_cortex.o(i.HAL_SYSTICK_Config)
    HAL_SYSTICK_IRQHandler                   0x0800198f   Thumb Code     8  stm32f1xx_hal_cortex.o(i.HAL_SYSTICK_IRQHandler)
    HAL_TIMEx_BreakCallback                  0x08001997   Thumb Code     2  stm32f1xx_hal_tim_ex.o(i.HAL_TIMEx_BreakCallback)
    HAL_TIMEx_CommutationCallback            0x08001999   Thumb Code     2  stm32f1xx_hal_tim_ex.o(i.HAL_TIMEx_CommutationCallback)
    HAL_TIMEx_MasterConfigSynchronization    0x0800199b   Thumb Code    80  stm32f1xx_hal_tim_ex.o(i.HAL_TIMEx_MasterConfigSynchronization)
    HAL_TIM_Base_Init                        0x080019eb   Thumb Code    54  stm32f1xx_hal_tim.o(i.HAL_TIM_Base_Init)
    HAL_TIM_Base_MspInit                     0x08001a21   Thumb Code    50  stm32f1xx_hal_msp.o(i.HAL_TIM_Base_MspInit)
    HAL_TIM_Base_Start_IT                    0x08001a5d   Thumb Code    24  stm32f1xx_hal_tim.o(i.HAL_TIM_Base_Start_IT)
    HAL_TIM_ConfigClockSource                0x08001a75   Thumb Code   242  stm32f1xx_hal_tim.o(i.HAL_TIM_ConfigClockSource)
    HAL_TIM_IC_CaptureCallback               0x08001b67   Thumb Code     2  stm32f1xx_hal_tim.o(i.HAL_TIM_IC_CaptureCallback)
    HAL_TIM_IRQHandler                       0x08001b69   Thumb Code   358  stm32f1xx_hal_tim.o(i.HAL_TIM_IRQHandler)
    HAL_TIM_OC_DelayElapsedCallback          0x08001ccf   Thumb Code     2  stm32f1xx_hal_tim.o(i.HAL_TIM_OC_DelayElapsedCallback)
    HAL_TIM_PWM_PulseFinishedCallback        0x08001cd1   Thumb Code     2  stm32f1xx_hal_tim.o(i.HAL_TIM_PWM_PulseFinishedCallback)
    HAL_TIM_PeriodElapsedCallback            0x08001cd5   Thumb Code    18  main.o(i.HAL_TIM_PeriodElapsedCallback)
    HAL_TIM_TriggerCallback                  0x08001cf1   Thumb Code     2  stm32f1xx_hal_tim.o(i.HAL_TIM_TriggerCallback)
    HAL_UART_ErrorCallback                   0x08001cf3   Thumb Code     2  stm32f1xx_hal_uart.o(i.HAL_UART_ErrorCallback)
    HAL_UART_IRQHandler                      0x08001cf5   Thumb Code   266  stm32f1xx_hal_uart.o(i.HAL_UART_IRQHandler)
    HAL_UART_Init                            0x08001e05   Thumb Code    98  stm32f1xx_hal_uart.o(i.HAL_UART_Init)
    HAL_UART_MspInit                         0x08001e69   Thumb Code   158  stm32f1xx_hal_msp.o(i.HAL_UART_MspInit)
    HAL_UART_RxCpltCallback                  0x08001f1d   Thumb Code     2  stm32f1xx_hal_uart.o(i.HAL_UART_RxCpltCallback)
    HAL_UART_Transmit_IT                     0x08001f1f   Thumb Code    62  stm32f1xx_hal_uart.o(i.HAL_UART_Transmit_IT)
    HAL_UART_TxCpltCallback                  0x08001f5d   Thumb Code     2  stm32f1xx_hal_uart.o(i.HAL_UART_TxCpltCallback)
    HardFault_Handler                        0x08001f5f   Thumb Code     2  stm32f1xx_it.o(i.HardFault_Handler)
    MemManage_Handler                        0x08002129   Thumb Code     2  stm32f1xx_it.o(i.MemManage_Handler)
    NMI_Handler                              0x0800212b   Thumb Code     2  stm32f1xx_it.o(i.NMI_Handler)
    PendSV_Handler                           0x0800214d   Thumb Code     2  stm32f1xx_it.o(i.PendSV_Handler)
    Reset_ADE                                0x08002151   Thumb Code    44  main.o(i.Reset_ADE)
    SPI1_IRQHandler                          0x08002181   Thumb Code     6  stm32f1xx_it.o(i.SPI1_IRQHandler)
    SPI2_IRQHandler                          0x0800218d   Thumb Code     6  stm32f1xx_it.o(i.SPI2_IRQHandler)
    SVC_Handler                              0x0800225f   Thumb Code     2  stm32f1xx_it.o(i.SVC_Handler)
    SysTick_Handler                          0x08002261   Thumb Code    14  stm32f1xx_it.o(i.SysTick_Handler)
    SystemClock_Config                       0x0800226f   Thumb Code   104  main.o(i.SystemClock_Config)
    SystemInit                               0x080022d9   Thumb Code    56  system_stm32f1xx.o(i.SystemInit)
    TIM4_IRQHandler                          0x08002321   Thumb Code     6  stm32f1xx_it.o(i.TIM4_IRQHandler)
    TIM_Base_SetConfig                       0x0800232d   Thumb Code    94  stm32f1xx_hal_tim.o(i.TIM_Base_SetConfig)
    USART1_IRQHandler                        0x08002699   Thumb Code     6  stm32f1xx_it.o(i.USART1_IRQHandler)
    USART3_IRQHandler                        0x080026a5   Thumb Code     6  stm32f1xx_it.o(i.USART3_IRQHandler)
    UsageFault_Handler                       0x080026b1   Thumb Code     2  stm32f1xx_it.o(i.UsageFault_Handler)
    __0sprintf                               0x080026b5   Thumb Code    34  printfa.o(i.__0sprintf)
    __1sprintf                               0x080026b5   Thumb Code     0  printfa.o(i.__0sprintf)
    __2sprintf                               0x080026b5   Thumb Code     0  printfa.o(i.__0sprintf)
    __c89sprintf                             0x080026b5   Thumb Code     0  printfa.o(i.__0sprintf)
    sprintf                                  0x080026b5   Thumb Code     0  printfa.o(i.__0sprintf)
    __scatterload_copy                       0x080026dd   Thumb Code    14  handlers.o(i.__scatterload_copy)
    __scatterload_null                       0x080026eb   Thumb Code     2  handlers.o(i.__scatterload_null)
    __scatterload_zeroinit                   0x080026ed   Thumb Code    14  handlers.o(i.__scatterload_zeroinit)
    __set_errno                              0x080026fd   Thumb Code     6  errno.o(i.__set_errno)
    clear1line                               0x08002fc5   Thumb Code    26  main.o(i.clear1line)
    getFrecuency_1                           0x08002fe5   Thumb Code    24  ade7753.o(i.getFrecuency_1)
    getFrecuency_2                           0x08003001   Thumb Code    24  ade7753.o(i.getFrecuency_2)
    getIRMS_1                                0x0800301d   Thumb Code    18  ade7753.o(i.getIRMS_1)
    getIRMS_2                                0x0800302f   Thumb Code    18  ade7753.o(i.getIRMS_2)
    getP1                                    0x08003041   Thumb Code    24  ade7753.o(i.getP1)
    getP2                                    0x08003059   Thumb Code    24  ade7753.o(i.getP2)
    getPeriod_1                              0x08003071   Thumb Code    36  ade7753.o(i.getPeriod_1)
    getS1                                    0x08003095   Thumb Code    24  ade7753.o(i.getS1)
    getS2                                    0x080030ad   Thumb Code    24  ade7753.o(i.getS2)
    getStatus_1                              0x080030c5   Thumb Code     6  ade7753.o(i.getStatus_1)
    getStatus_2                              0x080030cb   Thumb Code     6  ade7753.o(i.getStatus_2)
    getVRMS_1                                0x080030d1   Thumb Code    18  ade7753.o(i.getVRMS_1)
    getVRMS_2                                0x080030e3   Thumb Code    18  ade7753.o(i.getVRMS_2)
    getdata                                  0x080030f5   Thumb Code   440  main.o(i.getdata)
    handle_pick                              0x080032c9   Thumb Code    34  main.o(i.handle_pick)
    irms1                                    0x080032f1   Thumb Code   104  ade7753.o(i.irms1)
    irms2                                    0x08003365   Thumb Code   104  ade7753.o(i.irms2)
    lcd_display                              0x080033d9   Thumb Code   684  main.o(i.lcd_display)
    lcd_init                                 0x08003771   Thumb Code   212  lcd_txt.o(i.lcd_init)
    lcd_puts                                 0x0800384d   Thumb Code    62  lcd_txt.o(i.lcd_puts)
    lcd_write                                0x0800388d   Thumb Code   226  lcd_txt.o(i.lcd_write)
    main                                     0x08003979   Thumb Code   148  main.o(i.main)
    read16_1                                 0x08003a1d   Thumb Code    96  ade7753.o(i.read16_1)
    read16_2                                 0x08003a85   Thumb Code    98  ade7753.o(i.read16_2)
    read24_1                                 0x08003af1   Thumb Code   128  ade7753.o(i.read24_1)
    read24_2                                 0x08003b79   Thumb Code   132  ade7753.o(i.read24_2)
    sendata_RS485                            0x08003c05   Thumb Code   256  main.o(i.sendata_RS485)
    sendata_wifi                             0x08003d11   Thumb Code   258  main.o(i.sendata_wifi)
    setLineCyc                               0x08003e25   Thumb Code    24  ade7753.o(i.setLineCyc)
    setMode                                  0x08003e3d   Thumb Code    24  ade7753.o(i.setMode)
    setPotLine                               0x08003e55   Thumb Code    52  ade7753.o(i.setPotLine)
    sqrt                                     0x08003e89   Thumb Code    76  sqrt.o(i.sqrt)
    vrms1                                    0x08003ed5   Thumb Code   102  ade7753.o(i.vrms1)
    vrms2                                    0x08003f49   Thumb Code   102  ade7753.o(i.vrms2)
    write16_1                                0x08003fbd   Thumb Code   114  ade7753.o(i.write16_1)
    write16_2                                0x08004039   Thumb Code   116  ade7753.o(i.write16_2)
    AHBPrescTable                            0x080040b4   Data          16  system_stm32f1xx.o(.constdata)
    APBPrescTable                            0x080040c4   Data           8  system_stm32f1xx.o(.constdata)
    Region$$Table$$Base                      0x0800426c   Number         0  anon$$obj.o(Region$$Table)
    Region$$Table$$Limit                     0x0800428c   Number         0  anon$$obj.o(Region$$Table)
    lcd_check                                0x20000000   Data           1  main.o(.data)
    id                                       0x20000001   Data           1  main.o(.data)
    count_Byte                               0x20000002   Data           1  main.o(.data)
    current_Address                          0x20000003   Data           1  main.o(.data)
    Rx_data                                  0x20000004   Data           1  main.o(.data)
    Flag1s                                   0x20000006   Data           2  main.o(.data)
    Vhd1                                     0x20000008   Data           4  main.o(.data)
    Vhd2                                     0x2000000c   Data           4  main.o(.data)
    Ihd1                                     0x20000010   Data           4  main.o(.data)
    Ihd2                                     0x20000014   Data           4  main.o(.data)
    cosP1                                    0x20000018   Data           4  main.o(.data)
    cosP2                                    0x2000001c   Data           4  main.o(.data)
    cosP                                     0x20000020   Data           4  main.o(.data)
    csP1                                     0x20000024   Data           4  main.o(.data)
    csP2                                     0x20000028   Data           4  main.o(.data)
    csP                                      0x2000002c   Data           4  main.o(.data)
    P_peak                                   0x20000030   Data           4  main.o(.data)
    csS1                                     0x20000034   Data           4  main.o(.data)
    csS2                                     0x20000038   Data           4  main.o(.data)
    csS                                      0x2000003c   Data           4  main.o(.data)
    csQ1                                     0x20000040   Data           4  main.o(.data)
    csQ2                                     0x20000044   Data           4  main.o(.data)
    csQ                                      0x20000048   Data           4  main.o(.data)
    Q_peak                                   0x2000004c   Data           4  main.o(.data)
    freq1                                    0x20000050   Data           4  main.o(.data)
    freq2                                    0x20000054   Data           4  main.o(.data)
    freq                                     0x20000058   Data           4  main.o(.data)
    uwTickFreq                               0x2000005c   Data           1  stm32f1xx_hal.o(.data)
    uwTickPrio                               0x20000060   Data           4  stm32f1xx_hal.o(.data)
    uwTick                                   0x20000064   Data           4  stm32f1xx_hal.o(.data)
    SystemCoreClock                          0x20000068   Data           4  system_stm32f1xx.o(.data)
    hspi1                                    0x20000070   Data          88  main.o(.bss)
    hspi2                                    0x200000c8   Data          88  main.o(.bss)
    htim4                                    0x20000120   Data          64  main.o(.bss)
    huart1                                   0x20000160   Data          64  main.o(.bss)
    huart3                                   0x200001a0   Data          64  main.o(.bss)
    buffer                                   0x200001e0   Data          20  main.o(.bss)
    bfr_wifi1                                0x200001f4   Data         200  main.o(.bss)
    bfr_wifi2                                0x200002bc   Data         200  main.o(.bss)
    bfr_rs485                                0x20000384   Data         200  main.o(.bss)
    __initial_sp                             0x20000850   Data           0  startup_stm32f103xb.o(STACK)



==============================================================================

Memory Map of the image

  Image Entry point : 0x080000ed

  Load Region LR_IROM1 (Base: 0x08000000, Size: 0x000042fc, Max: 0x00010000, ABSOLUTE)

    Execution Region ER_IROM1 (Exec base: 0x08000000, Load base: 0x08000000, Size: 0x0000428c, Max: 0x00010000, ABSOLUTE)

    Exec Addr    Load Addr    Size         Type   Attr      Idx    E Section Name        Object

    0x08000000   0x08000000   0x000000ec   Data   RO            3    RESET               startup_stm32f103xb.o
    0x080000ec   0x080000ec   0x00000000   Code   RO         3531  * .ARM.Collect$$$$00000000  mc_w.l(entry.o)
    0x080000ec   0x080000ec   0x00000004   Code   RO         3821    .ARM.Collect$$$$00000001  mc_w.l(entry2.o)
    0x080000f0   0x080000f0   0x00000004   Code   RO         3824    .ARM.Collect$$$$00000004  mc_w.l(entry5.o)
    0x080000f4   0x080000f4   0x00000000   Code   RO         3826    .ARM.Collect$$$$00000008  mc_w.l(entry7b.o)
    0x080000f4   0x080000f4   0x00000000   Code   RO         3828    .ARM.Collect$$$$0000000A  mc_w.l(entry8b.o)
    0x080000f4   0x080000f4   0x00000008   Code   RO         3829    .ARM.Collect$$$$0000000B  mc_w.l(entry9a.o)
    0x080000fc   0x080000fc   0x00000000   Code   RO         3831    .ARM.Collect$$$$0000000D  mc_w.l(entry10a.o)
    0x080000fc   0x080000fc   0x00000000   Code   RO         3833    .ARM.Collect$$$$0000000F  mc_w.l(entry11a.o)
    0x080000fc   0x080000fc   0x00000004   Code   RO         3822    .ARM.Collect$$$$00002712  mc_w.l(entry2.o)
    0x08000100   0x08000100   0x00000024   Code   RO            4    .text               startup_stm32f103xb.o
    0x08000124   0x08000124   0x00000020   Code   RO         3534    .text               mc_w.l(llushr.o)
    0x08000144   0x08000144   0x0000000e   Code   RO         3536    .text               mc_w.l(strlen.o)
    0x08000152   0x08000152   0x000000b0   Code   RO         3799    .text               mf_w.l(fadd.o)
    0x08000202   0x08000202   0x0000007c   Code   RO         3801    .text               mf_w.l(fdiv.o)
    0x0800027e   0x0800027e   0x00000018   Code   RO         3803    .text               mf_w.l(fscalb.o)
    0x08000296   0x08000296   0x000000e4   Code   RO         3805    .text               mf_w.l(dmul.o)
    0x0800037a   0x0800037a   0x000000de   Code   RO         3807    .text               mf_w.l(ddiv.o)
    0x08000458   0x08000458   0x0000002e   Code   RO         3809    .text               mf_w.l(dscalb.o)
    0x08000486   0x08000486   0x0000000a   Code   RO         3811    .text               mf_w.l(ffltui.o)
    0x08000490   0x08000490   0x0000001a   Code   RO         3813    .text               mf_w.l(dfltui.o)
    0x080004aa   0x080004aa   0x00000026   Code   RO         3815    .text               mf_w.l(f2d.o)
    0x080004d0   0x080004d0   0x00000038   Code   RO         3817    .text               mf_w.l(d2f.o)
    0x08000508   0x08000508   0x00000014   Code   RO         3819    .text               mf_w.l(cfrcmple.o)
    0x0800051c   0x0800051c   0x0000002c   Code   RO         3838    .text               mc_w.l(uidiv.o)
    0x08000548   0x08000548   0x00000062   Code   RO         3840    .text               mc_w.l(uldiv.o)
    0x080005aa   0x080005aa   0x00000000   Code   RO         3849    .text               mc_w.l(iusefp.o)
    0x080005aa   0x080005aa   0x0000006e   Code   RO         3850    .text               mf_w.l(fepilogue.o)
    0x08000618   0x08000618   0x000000ba   Code   RO         3852    .text               mf_w.l(depilogue.o)
    0x080006d2   0x080006d2   0x0000014e   Code   RO         3854    .text               mf_w.l(dadd.o)
    0x08000820   0x08000820   0x000000a2   Code   RO         3856    .text               mf_w.l(dsqrt.o)
    0x080008c2   0x080008c2   0x00000030   Code   RO         3858    .text               mf_w.l(dfixul.o)
    0x080008f2   0x080008f2   0x00000002   PAD
    0x080008f4   0x080008f4   0x00000030   Code   RO         3862    .text               mf_w.l(cdrcmple.o)
    0x08000924   0x08000924   0x00000024   Code   RO         3864    .text               mc_w.l(init.o)
    0x08000948   0x08000948   0x0000001e   Code   RO         3867    .text               mc_w.l(llshl.o)
    0x08000966   0x08000966   0x00000024   Code   RO         3869    .text               mc_w.l(llsshr.o)
    0x0800098a   0x0800098a   0x00000002   Code   RO          861    i.BusFault_Handler  stm32f1xx_it.o
    0x0800098c   0x0800098c   0x00000002   Code   RO          862    i.DebugMon_Handler  stm32f1xx_it.o
    0x0800098e   0x0800098e   0x00000002   PAD
    0x08000990   0x08000990   0x00000098   Code   RO         2965    i.HAL_DMA_Abort_IT  stm32f1xx_hal_dma.o
    0x08000a28   0x08000a28   0x00000024   Code   RO         2607    i.HAL_Delay         stm32f1xx_hal.o
    0x08000a4c   0x08000a4c   0x000001bc   Code   RO         2900    i.HAL_GPIO_Init     stm32f1xx_hal_gpio.o
    0x08000c08   0x08000c08   0x00000008   Code   RO         2903    i.HAL_GPIO_TogglePin  stm32f1xx_hal_gpio.o
    0x08000c10   0x08000c10   0x0000000a   Code   RO         2904    i.HAL_GPIO_WritePin  stm32f1xx_hal_gpio.o
    0x08000c1a   0x08000c1a   0x00000002   PAD
    0x08000c1c   0x08000c1c   0x0000000c   Code   RO         2611    i.HAL_GetTick       stm32f1xx_hal.o
    0x08000c28   0x08000c28   0x00000010   Code   RO         2615    i.HAL_IncTick       stm32f1xx_hal.o
    0x08000c38   0x08000c38   0x00000024   Code   RO         2616    i.HAL_Init          stm32f1xx_hal.o
    0x08000c5c   0x08000c5c   0x00000040   Code   RO         2617    i.HAL_InitTick      stm32f1xx_hal.o
    0x08000c9c   0x08000c9c   0x00000090   Code   RO          967    i.HAL_MspInit       stm32f1xx_hal_msp.o
    0x08000d2c   0x08000d2c   0x00000016   Code   RO         3060    i.HAL_NVIC_EnableIRQ  stm32f1xx_hal_cortex.o
    0x08000d42   0x08000d42   0x00000002   PAD
    0x08000d44   0x08000d44   0x00000040   Code   RO         3066    i.HAL_NVIC_SetPriority  stm32f1xx_hal_cortex.o
    0x08000d84   0x08000d84   0x00000024   Code   RO         3067    i.HAL_NVIC_SetPriorityGrouping  stm32f1xx_hal_cortex.o
    0x08000da8   0x08000da8   0x00000154   Code   RO         2760    i.HAL_RCC_ClockConfig  stm32f1xx_hal_rcc.o
    0x08000efc   0x08000efc   0x0000000c   Code   RO         2765    i.HAL_RCC_GetHCLKFreq  stm32f1xx_hal_rcc.o
    0x08000f08   0x08000f08   0x00000020   Code   RO         2767    i.HAL_RCC_GetPCLK1Freq  stm32f1xx_hal_rcc.o
    0x08000f28   0x08000f28   0x00000020   Code   RO         2768    i.HAL_RCC_GetPCLK2Freq  stm32f1xx_hal_rcc.o
    0x08000f48   0x08000f48   0x0000006c   Code   RO         2769    i.HAL_RCC_GetSysClockFreq  stm32f1xx_hal_rcc.o
    0x08000fb4   0x08000fb4   0x00000304   Code   RO         2772    i.HAL_RCC_OscConfig  stm32f1xx_hal_rcc.o
    0x080012b8   0x080012b8   0x00000002   Code   RO         1070    i.HAL_SPI_ErrorCallback  stm32f1xx_hal_spi.o
    0x080012ba   0x080012ba   0x00000002   PAD
    0x080012bc   0x080012bc   0x000000c4   Code   RO         1073    i.HAL_SPI_IRQHandler  stm32f1xx_hal_spi.o
    0x08001380   0x08001380   0x00000082   Code   RO         1386    i.HAL_SPI_Init      stm32f1xx_hal_spi_ex.o
    0x08001402   0x08001402   0x00000002   PAD
    0x08001404   0x08001404   0x000000b8   Code   RO          969    i.HAL_SPI_MspInit   stm32f1xx_hal_msp.o
    0x080014bc   0x080014bc   0x00000150   Code   RO         1077    i.HAL_SPI_Receive   stm32f1xx_hal_spi.o
    0x0800160c   0x0800160c   0x00000168   Code   RO         1082    i.HAL_SPI_Transmit  stm32f1xx_hal_spi.o
    0x08001774   0x08001774   0x000001d8   Code   RO         1083    i.HAL_SPI_TransmitReceive  stm32f1xx_hal_spi.o
    0x0800194c   0x0800194c   0x00000018   Code   RO         3069    i.HAL_SYSTICK_CLKSourceConfig  stm32f1xx_hal_cortex.o
    0x08001964   0x08001964   0x00000002   Code   RO         3070    i.HAL_SYSTICK_Callback  stm32f1xx_hal_cortex.o
    0x08001966   0x08001966   0x00000028   Code   RO         3071    i.HAL_SYSTICK_Config  stm32f1xx_hal_cortex.o
    0x0800198e   0x0800198e   0x00000008   Code   RO         3072    i.HAL_SYSTICK_IRQHandler  stm32f1xx_hal_cortex.o
    0x08001996   0x08001996   0x00000002   Code   RO         2041    i.HAL_TIMEx_BreakCallback  stm32f1xx_hal_tim_ex.o
    0x08001998   0x08001998   0x00000002   Code   RO         2042    i.HAL_TIMEx_CommutationCallback  stm32f1xx_hal_tim_ex.o
    0x0800199a   0x0800199a   0x00000050   Code   RO         2058    i.HAL_TIMEx_MasterConfigSynchronization  stm32f1xx_hal_tim_ex.o
    0x080019ea   0x080019ea   0x00000036   Code   RO         1412    i.HAL_TIM_Base_Init  stm32f1xx_hal_tim.o
    0x08001a20   0x08001a20   0x0000003c   Code   RO          971    i.HAL_TIM_Base_MspInit  stm32f1xx_hal_msp.o
    0x08001a5c   0x08001a5c   0x00000018   Code   RO         1417    i.HAL_TIM_Base_Start_IT  stm32f1xx_hal_tim.o
    0x08001a74   0x08001a74   0x000000f2   Code   RO         1421    i.HAL_TIM_ConfigClockSource  stm32f1xx_hal_tim.o
    0x08001b66   0x08001b66   0x00000002   Code   RO         1441    i.HAL_TIM_IC_CaptureCallback  stm32f1xx_hal_tim.o
    0x08001b68   0x08001b68   0x00000166   Code   RO         1454    i.HAL_TIM_IRQHandler  stm32f1xx_hal_tim.o
    0x08001cce   0x08001cce   0x00000002   Code   RO         1457    i.HAL_TIM_OC_DelayElapsedCallback  stm32f1xx_hal_tim.o
    0x08001cd0   0x08001cd0   0x00000002   Code   RO         1484    i.HAL_TIM_PWM_PulseFinishedCallback  stm32f1xx_hal_tim.o
    0x08001cd2   0x08001cd2   0x00000002   PAD
    0x08001cd4   0x08001cd4   0x0000001c   Code   RO          699    i.HAL_TIM_PeriodElapsedCallback  main.o
    0x08001cf0   0x08001cf0   0x00000002   Code   RO         1495    i.HAL_TIM_TriggerCallback  stm32f1xx_hal_tim.o
    0x08001cf2   0x08001cf2   0x00000002   Code   RO         2295    i.HAL_UART_ErrorCallback  stm32f1xx_hal_uart.o
    0x08001cf4   0x08001cf4   0x00000110   Code   RO         2298    i.HAL_UART_IRQHandler  stm32f1xx_hal_uart.o
    0x08001e04   0x08001e04   0x00000062   Code   RO         2299    i.HAL_UART_Init     stm32f1xx_hal_uart.o
    0x08001e66   0x08001e66   0x00000002   PAD
    0x08001e68   0x08001e68   0x000000b4   Code   RO          973    i.HAL_UART_MspInit  stm32f1xx_hal_msp.o
    0x08001f1c   0x08001f1c   0x00000002   Code   RO         2305    i.HAL_UART_RxCpltCallback  stm32f1xx_hal_uart.o
    0x08001f1e   0x08001f1e   0x0000003e   Code   RO         2309    i.HAL_UART_Transmit_IT  stm32f1xx_hal_uart.o
    0x08001f5c   0x08001f5c   0x00000002   Code   RO         2310    i.HAL_UART_TxCpltCallback  stm32f1xx_hal_uart.o
    0x08001f5e   0x08001f5e   0x00000002   Code   RO          863    i.HardFault_Handler  stm32f1xx_it.o
    0x08001f60   0x08001f60   0x000000f0   Code   RO          700    i.MX_GPIO_Init      main.o
    0x08002050   0x08002050   0x00000040   Code   RO          701    i.MX_SPI1_Init      main.o
    0x08002090   0x08002090   0x00000040   Code   RO          702    i.MX_SPI2_Init      main.o
    0x080020d0   0x080020d0   0x00000058   Code   RO          703    i.MX_TIM4_Init      main.o
    0x08002128   0x08002128   0x00000002   Code   RO          864    i.MemManage_Handler  stm32f1xx_it.o
    0x0800212a   0x0800212a   0x00000002   Code   RO          865    i.NMI_Handler       stm32f1xx_it.o
    0x0800212c   0x0800212c   0x00000020   Code   RO         3073    i.NVIC_SetPriority  stm32f1xx_hal_cortex.o
    0x0800214c   0x0800214c   0x00000002   Code   RO          866    i.PendSV_Handler    stm32f1xx_it.o
    0x0800214e   0x0800214e   0x00000002   PAD
    0x08002150   0x08002150   0x00000030   Code   RO          705    i.Reset_ADE         main.o
    0x08002180   0x08002180   0x0000000c   Code   RO          867    i.SPI1_IRQHandler   stm32f1xx_it.o
    0x0800218c   0x0800218c   0x0000000c   Code   RO          868    i.SPI2_IRQHandler   stm32f1xx_it.o
    0x08002198   0x08002198   0x00000020   Code   RO         1098    i.SPI_CheckFlag_BSY  stm32f1xx_hal_spi.o
    0x080021b8   0x080021b8   0x00000010   Code   RO         1102    i.SPI_DMAAbortOnError  stm32f1xx_hal_spi.o
    0x080021c8   0x080021c8   0x00000096   Code   RO         1117    i.SPI_WaitFlagStateUntilTimeout  stm32f1xx_hal_spi.o
    0x0800225e   0x0800225e   0x00000002   Code   RO          869    i.SVC_Handler       stm32f1xx_it.o
    0x08002260   0x08002260   0x0000000e   Code   RO          870    i.SysTick_Handler   stm32f1xx_it.o
    0x0800226e   0x0800226e   0x00000068   Code   RO          706    i.SystemClock_Config  main.o
    0x080022d6   0x080022d6   0x00000002   PAD
    0x080022d8   0x080022d8   0x00000048   Code   RO         3489    i.SystemInit        system_stm32f1xx.o
    0x08002320   0x08002320   0x0000000c   Code   RO          871    i.TIM4_IRQHandler   stm32f1xx_it.o
    0x0800232c   0x0800232c   0x0000006c   Code   RO         1496    i.TIM_Base_SetConfig  stm32f1xx_hal_tim.o
    0x08002398   0x08002398   0x00000014   Code   RO         1503    i.TIM_ETR_SetConfig  stm32f1xx_hal_tim.o
    0x080023ac   0x080023ac   0x00000010   Code   RO         1504    i.TIM_ITRx_SetConfig  stm32f1xx_hal_tim.o
    0x080023bc   0x080023bc   0x00000022   Code   RO         1510    i.TIM_TI1_ConfigInputStage  stm32f1xx_hal_tim.o
    0x080023de   0x080023de   0x00000024   Code   RO         1512    i.TIM_TI2_ConfigInputStage  stm32f1xx_hal_tim.o
    0x08002402   0x08002402   0x00000010   Code   RO         2312    i.UART_DMAAbortOnError  stm32f1xx_hal_uart.o
    0x08002412   0x08002412   0x0000001c   Code   RO         2322    i.UART_EndRxTransfer  stm32f1xx_hal_uart.o
    0x0800242e   0x0800242e   0x00000096   Code   RO         2324    i.UART_Receive_IT   stm32f1xx_hal_uart.o
    0x080024c4   0x080024c4   0x00000170   Code   RO         2325    i.UART_SetConfig    stm32f1xx_hal_uart.o
    0x08002634   0x08002634   0x00000062   Code   RO         2326    i.UART_Transmit_IT  stm32f1xx_hal_uart.o
    0x08002696   0x08002696   0x00000002   PAD
    0x08002698   0x08002698   0x0000000c   Code   RO          872    i.USART1_IRQHandler  stm32f1xx_it.o
    0x080026a4   0x080026a4   0x0000000c   Code   RO          873    i.USART3_IRQHandler  stm32f1xx_it.o
    0x080026b0   0x080026b0   0x00000002   Code   RO          874    i.UsageFault_Handler  stm32f1xx_it.o
    0x080026b2   0x080026b2   0x00000002   PAD
    0x080026b4   0x080026b4   0x00000028   Code   RO         3773    i.__0sprintf        mc_w.l(printfa.o)
    0x080026dc   0x080026dc   0x0000000e   Code   RO         3874    i.__scatterload_copy  mc_w.l(handlers.o)
    0x080026ea   0x080026ea   0x00000002   Code   RO         3875    i.__scatterload_null  mc_w.l(handlers.o)
    0x080026ec   0x080026ec   0x0000000e   Code   RO         3876    i.__scatterload_zeroinit  mc_w.l(handlers.o)
    0x080026fa   0x080026fa   0x00000002   PAD
    0x080026fc   0x080026fc   0x0000000c   Code   RO         3844    i.__set_errno       mc_w.l(errno.o)
    0x08002708   0x08002708   0x00000184   Code   RO         3778    i._fp_digits        mc_w.l(printfa.o)
    0x0800288c   0x0800288c   0x000006dc   Code   RO         3779    i._printf_core      mc_w.l(printfa.o)
    0x08002f68   0x08002f68   0x00000024   Code   RO         3780    i._printf_post_padding  mc_w.l(printfa.o)
    0x08002f8c   0x08002f8c   0x0000002e   Code   RO         3781    i._printf_pre_padding  mc_w.l(printfa.o)
    0x08002fba   0x08002fba   0x0000000a   Code   RO         3783    i._sputc            mc_w.l(printfa.o)
    0x08002fc4   0x08002fc4   0x00000020   Code   RO          709    i.clear1line        main.o
    0x08002fe4   0x08002fe4   0x0000001c   Code   RO           14    i.getFrecuency_1    ade7753.o
    0x08003000   0x08003000   0x0000001c   Code   RO           15    i.getFrecuency_2    ade7753.o
    0x0800301c   0x0800301c   0x00000012   Code   RO           19    i.getIRMS_1         ade7753.o
    0x0800302e   0x0800302e   0x00000012   Code   RO           20    i.getIRMS_2         ade7753.o
    0x08003040   0x08003040   0x00000018   Code   RO           26    i.getP1             ade7753.o
    0x08003058   0x08003058   0x00000018   Code   RO           27    i.getP2             ade7753.o
    0x08003070   0x08003070   0x00000024   Code   RO           28    i.getPeriod_1       ade7753.o
    0x08003094   0x08003094   0x00000018   Code   RO           32    i.getS1             ade7753.o
    0x080030ac   0x080030ac   0x00000018   Code   RO           33    i.getS2             ade7753.o
    0x080030c4   0x080030c4   0x00000006   Code   RO           38    i.getStatus_1       ade7753.o
    0x080030ca   0x080030ca   0x00000006   Code   RO           39    i.getStatus_2       ade7753.o
    0x080030d0   0x080030d0   0x00000012   Code   RO           43    i.getVRMS_1         ade7753.o
    0x080030e2   0x080030e2   0x00000012   Code   RO           44    i.getVRMS_2         ade7753.o
    0x080030f4   0x080030f4   0x000001d4   Code   RO          710    i.getdata           main.o
    0x080032c8   0x080032c8   0x00000028   Code   RO          711    i.handle_pick       main.o
    0x080032f0   0x080032f0   0x00000074   Code   RO           51    i.irms1             ade7753.o
    0x08003364   0x08003364   0x00000074   Code   RO           52    i.irms2             ade7753.o
    0x080033d8   0x080033d8   0x00000398   Code   RO          712    i.lcd_display       main.o
    0x08003770   0x08003770   0x000000dc   Code   RO          511    i.lcd_init          lcd_txt.o
    0x0800384c   0x0800384c   0x0000003e   Code   RO          512    i.lcd_puts          lcd_txt.o
    0x0800388a   0x0800388a   0x00000002   PAD
    0x0800388c   0x0800388c   0x000000ec   Code   RO          513    i.lcd_write         lcd_txt.o
    0x08003978   0x08003978   0x000000a4   Code   RO          713    i.main              main.o
    0x08003a1c   0x08003a1c   0x00000068   Code   RO           53    i.read16_1          ade7753.o
    0x08003a84   0x08003a84   0x0000006c   Code   RO           54    i.read16_2          ade7753.o
    0x08003af0   0x08003af0   0x00000088   Code   RO           55    i.read24_1          ade7753.o
    0x08003b78   0x08003b78   0x0000008c   Code   RO           56    i.read24_2          ade7753.o
    0x08003c04   0x08003c04   0x0000010c   Code   RO          716    i.sendata_RS485     main.o
    0x08003d10   0x08003d10   0x00000114   Code   RO          717    i.sendata_wifi      main.o
    0x08003e24   0x08003e24   0x00000018   Code   RO           64    i.setLineCyc        ade7753.o
    0x08003e3c   0x08003e3c   0x00000018   Code   RO           65    i.setMode           ade7753.o
    0x08003e54   0x08003e54   0x00000034   Code   RO           66    i.setPotLine        ade7753.o
    0x08003e88   0x08003e88   0x0000004c   Code   RO         3524    i.sqrt              m_ws.l(sqrt.o)
    0x08003ed4   0x08003ed4   0x00000074   Code   RO           72    i.vrms1             ade7753.o
    0x08003f48   0x08003f48   0x00000074   Code   RO           73    i.vrms2             ade7753.o
    0x08003fbc   0x08003fbc   0x0000007c   Code   RO           74    i.write16_1         ade7753.o
    0x08004038   0x08004038   0x0000007c   Code   RO           75    i.write16_2         ade7753.o
    0x080040b4   0x080040b4   0x00000010   Data   RO         3490    .constdata          system_stm32f1xx.o
    0x080040c4   0x080040c4   0x00000008   Data   RO         3491    .constdata          system_stm32f1xx.o
    0x080040cc   0x080040cc   0x0000019d   Data   RO          719    .conststring        main.o
    0x08004269   0x08004269   0x00000003   PAD
    0x0800426c   0x0800426c   0x00000020   Data   RO         3872    Region$$Table       anon$$obj.o


    Execution Region RW_IRAM1 (Exec base: 0x20000000, Load base: 0x0800428c, Size: 0x00000850, Max: 0x00005000, ABSOLUTE)

    Exec Addr    Load Addr    Size         Type   Attr      Idx    E Section Name        Object

    0x20000000   0x0800428c   0x0000005c   Data   RW          720    .data               main.o
    0x2000005c   0x080042e8   0x0000000c   Data   RW         2623    .data               stm32f1xx_hal.o
    0x20000068   0x080042f4   0x00000004   Data   RW         3492    .data               system_stm32f1xx.o
    0x2000006c   0x080042f8   0x00000004   Data   RW         3845    .data               mc_w.l(errno.o)
    0x20000070        -       0x000003dc   Zero   RW          718    .bss                main.o
    0x2000044c   0x080042fc   0x00000004   PAD
    0x20000450        -       0x00000400   Zero   RW            1    STACK               startup_stm32f103xb.o


==============================================================================

Image component sizes


      Code (inc. data)   RO Data    RW Data    ZI Data      Debug   Object Name

      1572        112          0          0          0     453034   ade7753.o
       518         18          0          0          0       2178   lcd_txt.o
      2804        378        413         92        988      10740   main.o
        36          8        236          0       1024        820   startup_stm32f103xb.o
       164         28          0         12          0       3961   stm32f1xx_hal.o
       228         14          0          0          0      27549   stm32f1xx_hal_cortex.o
       152          4          0          0          0       1135   stm32f1xx_hal_dma.o
       462         36          0          0          0       3525   stm32f1xx_hal_gpio.o
       568         62          0          0          0       3078   stm32f1xx_hal_msp.o
      1296        104          0          0          0       5760   stm32f1xx_hal_rcc.o
      1564          6          0          0          0       8304   stm32f1xx_hal_spi.o
       130          0          0          0          0       1099   stm32f1xx_hal_spi_ex.o
       900         14          0          0          0       9663   stm32f1xx_hal_tim.o
        84          0          0          0          0       2398   stm32f1xx_hal_tim_ex.o
      1098         10          0          0          0       8006   stm32f1xx_hal_uart.o
        90         30          0          0          0       6180   stm32f1xx_it.o
        72         16         24          4          0       1211   system_stm32f1xx.o

    ----------------------------------------------------------------------
     11762        840        708        108       2016     548641   Object Totals
         0          0         32          0          0          0   (incl. Generated)
        24          0          3          0          4          0   (incl. Padding)

    ----------------------------------------------------------------------

      Code (inc. data)   RO Data    RW Data    ZI Data      Debug   Library Member Name

        76          0          0          0          0         84   sqrt.o
         0          0          0          0          0          0   entry.o
         0          0          0          0          0          0   entry10a.o
         0          0          0          0          0          0   entry11a.o
         8          4          0          0          0          0   entry2.o
         4          0          0          0          0          0   entry5.o
         0          0          0          0          0          0   entry7b.o
         0          0          0          0          0          0   entry8b.o
         8          4          0          0          0          0   entry9a.o
        12          6          0          4          0         68   errno.o
        30          0          0          0          0          0   handlers.o
        36          8          0          0          0         68   init.o
         0          0          0          0          0          0   iusefp.o
        30          0          0          0          0         68   llshl.o
        36          0          0          0          0         68   llsshr.o
        32          0          0          0          0         68   llushr.o
      2276         86          0          0          0        520   printfa.o
        14          0          0          0          0         68   strlen.o
        44          0          0          0          0         80   uidiv.o
        98          0          0          0          0         92   uldiv.o
        48          0          0          0          0         68   cdrcmple.o
        20          0          0          0          0         68   cfrcmple.o
        56          0          0          0          0         88   d2f.o
       334          0          0          0          0        148   dadd.o
       222          0          0          0          0        100   ddiv.o
       186          0          0          0          0        176   depilogue.o
        48          0          0          0          0         68   dfixul.o
        26          0          0          0          0         76   dfltui.o
       228          0          0          0          0         96   dmul.o
        46          0          0          0          0         80   dscalb.o
       162          0          0          0          0        100   dsqrt.o
        38          0          0          0          0         68   f2d.o
       176          0          0          0          0        140   fadd.o
       124          0          0          0          0         88   fdiv.o
       110          0          0          0          0        168   fepilogue.o
        10          0          0          0          0         68   ffltui.o
        24          0          0          0          0         68   fscalb.o

    ----------------------------------------------------------------------
      4566        108          0          4          0       2852   Library Totals
         4          0          0          0          0          0   (incl. Padding)

    ----------------------------------------------------------------------

      Code (inc. data)   RO Data    RW Data    ZI Data      Debug   Library Name

        76          0          0          0          0         84   m_ws.l
      2628        108          0          4          0       1100   mc_w.l
      1858          0          0          0          0       1668   mf_w.l

    ----------------------------------------------------------------------
      4566        108          0          4          0       2852   Library Totals

    ----------------------------------------------------------------------

==============================================================================


      Code (inc. data)   RO Data    RW Data    ZI Data      Debug   

     16328        948        708        112       2016     543949   Grand Totals
     16328        948        708        112       2016     543949   ELF Image Totals
     16328        948        708        112          0          0   ROM Totals

==============================================================================

    Total RO  Size (Code + RO Data)                17036 (  16.64kB)
    Total RW  Size (RW Data + ZI Data)              2128 (   2.08kB)
    Total ROM Size (Code + RO Data + RW Data)      17148 (  16.75kB)

==============================================================================

